Component: ARM Compiler 5.06 update 1 (build 61) Tool: armlink [4d35a8]

==============================================================================

Section Cross References

    main.o(.rev16_text) refers (Special) to use_no_semi.o(.text) for __use_no_semihosting_swi
    main.o(.revsh_text) refers (Special) to use_no_semi.o(.text) for __use_no_semihosting_swi
    main.o(.rrx_text) refers (Special) to use_no_semi.o(.text) for __use_no_semihosting_swi
    main.o(.text) refers (Special) to use_no_semi.o(.text) for __use_no_semihosting_swi
    main.o(.text) refers to _printf_percent.o(.ARM.Collect$$_printf_percent$$00000000) for _printf_percent
    main.o(.text) refers to _printf_d.o(.ARM.Collect$$_printf_percent$$00000009) for _printf_d
    main.o(.text) refers to _printf_s.o(.ARM.Collect$$_printf_percent$$00000014) for _printf_s
    main.o(.text) refers to _printf_dec.o(.text) for _printf_int_dec
    main.o(.text) refers to _printf_str.o(.text) for _printf_str
    main.o(.text) refers to mcusettings.o(.text) for Device_Init
    main.o(.text) refers to led.o(.text) for LED_Control
    main.o(.text) refers to noretval__2printf.o(.text) for __2printf
    main.o(.text) refers to flash.o(.text) for Flash_read
    main.o(.text) refers to melody.o(.text) for MelodyStart
    main.o(.text) refers to miscellaneous.o(.text) for delay_ms
    main.o(.text) refers to mpu9150.o(.text) for MPU6050_Initialize
    main.o(.text) refers to button.o(.text) for Button_Action
    main.o(.text) refers to bluetooth.o(.text) for Bluetooth_Action
    main.o(.text) refers to blockgame.o(.text) for BlockGame_Action
    main.o(.text) refers to gyro.o(.text) for Gyro_Action
    main.o(.text) refers to sensor.o(.text) for Battery_Check
    main.o(.text) refers to stm32f10x_usart.o(.text) for USART_GetFlagStatus
    main.o(.text) refers to main.o(.constdata) for __FUNCTION__
    main.o(.text) refers to led.o(.data) for ledAction
    main.o(.text) refers to button.o(.data) for bAction
    main.o(.text) refers to bluetooth.o(.data) for bltAction
    main.o(.text) refers to blockgame.o(.data) for blockGameAction
    main.o(.text) refers to gyro.o(.data) for gyroAction
    main.o(.text) refers to main.o(.data) for BatteryCheckTime
    main.o(.constdata) refers (Special) to use_no_semi.o(.text) for __use_no_semihosting_swi
    main.o(.data) refers (Special) to use_no_semi.o(.text) for __use_no_semihosting_swi
    mcusettings.o(.text) refers to stm32f10x_i2c.o(.text) for I2C_DeInit
    mcusettings.o(.text) refers to stm32f10x_rcc.o(.text) for RCC_APB1PeriphClockCmd
    mcusettings.o(.text) refers to stm32f10x_gpio.o(.text) for GPIO_Init
    mcusettings.o(.text) refers to stm32f10x_pwr.o(.text) for PWR_BackupAccessCmd
    mcusettings.o(.text) refers to stm32f10x_bkp.o(.text) for BKP_DeInit
    mcusettings.o(.text) refers to stm32f10x_exti.o(.text) for EXTI_Init
    mcusettings.o(.text) refers to misc.o(.text) for NVIC_PriorityGroupConfig
    mcusettings.o(.text) refers to stm32f10x_adc.o(.text) for ADC_Init
    mcusettings.o(.text) refers to stm32f10x_dma.o(.text) for DMA_DeInit
    mcusettings.o(.text) refers to stm32f10x_tim.o(.text) for TIM_ClearFlag
    mcusettings.o(.text) refers to mcusettings.o(.bss) for ADCConvertedValue
    mcusettings.o(.text) refers to system_stm32f10x.o(.data) for SystemCoreClock
    mcusettings.o(.text) refers to mcusettings.o(.data) for PrescalerValue
    mcusettings.o(.text) refers to stm32f10x_usart.o(.text) for USART_Init
    stm32f10x_it.o(.text) refers to stm32f10x_usart.o(.text) for USART_GetITStatus
    stm32f10x_it.o(.text) refers to stm32f10x_tim.o(.text) for TIM_GetITStatus
    stm32f10x_it.o(.text) refers to melody.o(.text) for Buzzer_sound
    stm32f10x_it.o(.text) refers to stm32f10x_exti.o(.text) for EXTI_GetITStatus
    stm32f10x_it.o(.text) refers to stm32f10x_it.o(.data) for receivedata
    stm32f10x_it.o(.text) refers to bluetooth.o(.data) for BT_DataPointer
    stm32f10x_it.o(.text) refers to bluetooth.o(.bss) for btdata
    stm32f10x_it.o(.text) refers to melody.o(.data) for MelodyOn
    stm32f10x_it.o(.text) refers to melody.o(.bss) for m
    stm32f10x_it.o(.text) refers to button.o(.data) for bAction
    stm32f10x_it.o(.text) refers to main.o(.data) for button_time
    stm32f10x_it.o(.text) refers to blockgame.o(.data) for hoojintime
    stm32f10x_it.o(.text) refers to gyro.o(.data) for gyro_time
    stm32f10x_it.o(.text) refers to led.o(.data) for ledtime
    melody.o(.text) refers to stm32f10x_tim.o(.text) for TIM_TimeBaseInit
    melody.o(.text) refers to mcusettings.o(.bss) for TIM_TimeBaseStructure3
    melody.o(.text) refers to melody.o(.data) for MELODY
    melody.o(.text) refers to melody.o(.bss) for m
    button.o(.text) refers to _printf_percent.o(.ARM.Collect$$_printf_percent$$00000000) for _printf_percent
    button.o(.text) refers to _printf_d.o(.ARM.Collect$$_printf_percent$$00000009) for _printf_d
[...]
    _terminateio                              - Undefined Weak Reference
    __Vectors_Size                           0x000000ec   Number         0  startup_stm32f10x_md.o ABSOLUTE
    __Vectors                                0x08003200   Data           4  startup_stm32f10x_md.o(RESET)
    __Vectors_End                            0x080032ec   Data           0  startup_stm32f10x_md.o(RESET)
    __main                                   0x080032ed   Thumb Code     8  __main.o(!!!main)
    __scatterload                            0x080032f5   Thumb Code     0  __scatter.o(!!!scatter)
    __scatterload_rt2                        0x080032f5   Thumb Code    44  __scatter.o(!!!scatter)
    __scatterload_rt2_thumb_only             0x080032f5   Thumb Code     0  __scatter.o(!!!scatter)
    __scatterload_null                       0x08003303   Thumb Code     0  __scatter.o(!!!scatter)
    __decompress                             0x08003329   Thumb Code    90  __dczerorl2.o(!!dczerorl2)
    __decompress1                            0x08003329   Thumb Code     0  __dczerorl2.o(!!dczerorl2)
    __scatterload_zeroinit                   0x08003385   Thumb Code    28  __scatter_zi.o(!!handler_zi)
    _printf_d                                0x080033a1   Thumb Code     0  _printf_d.o(.ARM.Collect$$_printf_percent$$00000009)
    _printf_percent                          0x080033a1   Thumb Code     0  _printf_percent.o(.ARM.Collect$$_printf_percent$$00000000)
    _printf_s                                0x080033a7   Thumb Code     0  _printf_s.o(.ARM.Collect$$_printf_percent$$00000014)
    _printf_percent_end                      0x080033ad   Thumb Code     0  _printf_percent_end.o(.ARM.Collect$$_printf_percent$$00000017)
    __rt_lib_init                            0x080033b1   Thumb Code     0  libinit.o(.ARM.Collect$$libinit$$00000000)
    __rt_lib_init_alloca_1                   0x080033b3   Thumb Code     0  libinit2.o(.ARM.Collect$$libinit$$0000002E)
    __rt_lib_init_argv_1                     0x080033b3   Thumb Code     0  libinit2.o(.ARM.Collect$$libinit$$0000002C)
    __rt_lib_init_atexit_1                   0x080033b3   Thumb Code     0  libinit2.o(.ARM.Collect$$libinit$$0000001B)
    __rt_lib_init_clock_1                    0x080033b3   Thumb Code     0  libinit2.o(.ARM.Collect$$libinit$$00000021)
    __rt_lib_init_cpp_1                      0x080033b3   Thumb Code     0  libinit2.o(.ARM.Collect$$libinit$$00000032)
    __rt_lib_init_exceptions_1               0x080033b3   Thumb Code     0  libinit2.o(.ARM.Collect$$libinit$$00000030)
    __rt_lib_init_fp_1                       0x080033b3   Thumb Code     0  libinit2.o(.ARM.Collect$$libinit$$00000002)
    __rt_lib_init_fp_trap_1                  0x080033b3   Thumb Code     0  libinit2.o(.ARM.Collect$$libinit$$0000001F)
    __rt_lib_init_getenv_1                   0x080033b3   Thumb Code     0  libinit2.o(.ARM.Collect$$libinit$$00000023)
    __rt_lib_init_heap_1                     0x080033b3   Thumb Code     0  libinit2.o(.ARM.Collect$$libinit$$0000000A)
    __rt_lib_init_lc_collate_1               0x080033b3   Thumb Code     0  libinit2.o(.ARM.Collect$$libinit$$00000011)
    __rt_lib_init_lc_ctype_1                 0x080033b3   Thumb Code     0  libinit2.o(.ARM.Collect$$libinit$$00000013)
    __rt_lib_init_lc_monetary_1              0x080033b3   Thumb Code     0  libinit2.o(.ARM.Collect$$libinit$$00000015)
    __rt_lib_init_lc_numeric_1               0x080033b3   Thumb Code     0  libinit2.o(.ARM.Collect$$libinit$$00000017)
    __rt_lib_init_lc_time_1                  0x080033b3   Thumb Code     0  libinit2.o(.ARM.Collect$$libinit$$00000019)
    __rt_lib_init_preinit_1                  0x080033b3   Thumb Code     0  libinit2.o(.ARM.Collect$$libinit$$00000004)
    __rt_lib_init_rand_1                     0x080033b3   Thumb Code     0  libinit2.o(.ARM.Collect$$libinit$$0000000E)
    __rt_lib_init_return                     0x080033b3   Thumb Code     0  libinit2.o(.ARM.Collect$$libinit$$00000033)
    __rt_lib_init_signal_1                   0x080033b3   Thumb Code     0  libinit2.o(.ARM.Collect$$libinit$$0000001D)
    __rt_lib_init_stdio_1                    0x080033b3   Thumb Code     0  libinit2.o(.ARM.Collect$$libinit$$00000025)
    __rt_lib_init_user_alloc_1               0x080033b3   Thumb Code     0  libinit2.o(.ARM.Collect$$libinit$$0000000C)
    __rt_lib_shutdown                        0x080033b5   Thumb Code     0  libshutdown.o(.ARM.Collect$$libshutdown$$00000000)
    __rt_lib_shutdown_cpp_1                  0x080033b7   Thumb Code     0  libshutdown2.o(.ARM.Collect$$libshutdown$$00000002)
    __rt_lib_shutdown_fp_trap_1              0x080033b7   Thumb Code     0  libshutdown2.o(.ARM.Collect$$libshutdown$$00000007)
    __rt_lib_shutdown_heap_1                 0x080033b7   Thumb Code     0  libshutdown2.o(.ARM.Collect$$libshutdown$$0000000F)
    __rt_lib_shutdown_return                 0x080033b7   Thumb Code     0  libshutdown2.o(.ARM.Collect$$libshutdown$$00000010)
    __rt_lib_shutdown_signal_1               0x080033b7   Thumb Code     0  libshutdown2.o(.ARM.Collect$$libshutdown$$0000000A)
    __rt_lib_shutdown_stdio_1                0x080033b7   Thumb Code     0  libshutdown2.o(.ARM.Collect$$libshutdown$$00000004)
    __rt_lib_shutdown_user_alloc_1           0x080033b7   Thumb Code     0  libshutdown2.o(.ARM.Collect$$libshutdown$$0000000C)
    __rt_entry                               0x080033b9   Thumb Code     0  __rtentry.o(.ARM.Collect$$rtentry$$00000000)
    __rt_entry_presh_1                       0x080033b9   Thumb Code     0  __rtentry2.o(.ARM.Collect$$rtentry$$00000002)
    __rt_entry_sh                            0x080033b9   Thumb Code     0  __rtentry4.o(.ARM.Collect$$rtentry$$00000004)
    __rt_entry_li                            0x080033bf   Thumb Code     0  __rtentry2.o(.ARM.Collect$$rtentry$$0000000A)
    __rt_entry_postsh_1                      0x080033bf   Thumb Code     0  __rtentry2.o(.ARM.Collect$$rtentry$$00000009)
    __rt_entry_main                          0x080033c3   Thumb Code     0  __rtentry2.o(.ARM.Collect$$rtentry$$0000000D)
    __rt_entry_postli_1                      0x080033c3   Thumb Code     0  __rtentry2.o(.ARM.Collect$$rtentry$$0000000C)
    __rt_exit                                0x080033cb   Thumb Code     0  rtexit.o(.ARM.Collect$$rtexit$$00000000)
    __rt_exit_ls                             0x080033cd   Thumb Code     0  rtexit2.o(.ARM.Collect$$rtexit$$00000003)
    __rt_exit_prels_1                        0x080033cd   Thumb Code     0  rtexit2.o(.ARM.Collect$$rtexit$$00000002)
    __rt_exit_exit                           0x080033d1   Thumb Code     0  rtexit2.o(.ARM.Collect$$rtexit$$00000004)
    main                                     0x080033d9   Thumb Code   272  main.o(.text)
    fputc                                    0x080034e9   Thumb Code    32  main.o(.text)
    fgetc                                    0x08003509   Thumb Code    30  main.o(.text)
    ferror                                   0x08003527   Thumb Code     8  main.o(.text)
    _ttywrch                                 0x0800352f   Thumb Code    28  main.o(.text)
    _sys_exit                                0x0800354b   Thumb Code     4  main.o(.text)
    I2C_Configuration                        0x08003635   Thumb Code   110  mcusettings.o(.text)
    LED_Configuration                        0x080036a3   Thumb Code   146  mcusettings.o(.text)
    EXTI14_Configuration                     0x08003735   Thumb Code   100  mcusettings.o(.text)
    NVIC_Configuration                       0x08003799   Thumb Code   130  mcusettings.o(.text)
    ADC1_Configuration                       0x0800381b   Thumb Code   310  mcusettings.o(.text)
    DMA_Configuration                        0x08003951   Thumb Code    84  mcusettings.o(.text)
    TIMER_Configuration                      0x080039a5   Thumb Code   384  mcusettings.o(.text)
    MOTOR_Configuration                      0x08003b25   Thumb Code    98  mcusettings.o(.text)
    BUZZER_Configuration                     0x08003b87   Thumb Code    46  mcusettings.o(.text)
    DEBUG_Configuration                      0x08003bb5   Thumb Code   132  mcusettings.o(.text)
    BLUETOOTH_Configuration                  0x08003c39   Thumb Code   178  mcusettings.o(.text)
    Device_Init                              0x08003ceb   Thumb Code    56  mcusettings.o(.text)
    USART1_IRQHandler                        0x08003d55   Thumb Code    60  stm32f10x_it.o(.text)
    USART2_IRQHandler                        0x08003d91   Thumb Code   262  stm32f10x_it.o(.text)
    TIM2_IRQHandler                          0x08003e97   Thumb Code   140  stm32f10x_it.o(.text)
    EXTI15_10_IRQHandler                     0x08003f23   Thumb Code    34  stm32f10x_it.o(.text)
    SysTick_Handler                          0x08003f45   Thumb Code    96  stm32f10x_it.o(.text)
    Buzzer_sound                             0x08003ff9   Thumb Code    46  melody.o(.text)
    MelodyStart                              0x08004027   Thumb Code   276  melody.o(.text)
    MelodyOff                                0x0800413b   Thumb Code    44  melody.o(.text)
    Button_Action                            0x080041d5   Thumb Code   162  button.o(.text)
    BT_MessageParsing                        0x080042e5   Thumb Code   362  bluetooth.o(.text)
    BT_SendString                            0x0800444f   Thumb Code    46  bluetooth.o(.text)
    PHONE_MessageParsing                     0x0800447d   Thumb Code  1266  bluetooth.o(.text)
    Bluetooth_Action                         0x0800496f   Thumb Code    98  bluetooth.o(.text)
    BT_SendData                              0x080049d1   Thumb Code    40  bluetooth.o(.text)
    BT_SendStringOff                         0x080049f9   Thumb Code    40  bluetooth.o(.text)
    vMotorCtrl                               0x08004a75   Thumb Code   134  motor.o(.text)
    JeonJinPid                               0x08004afb   Thumb Code   132  motor.o(.text)
    MotorRotateSet_D                         0x08004b7f   Thumb Code   430  motor.o(.text)
    MotorRotateSet_R                         0x08004d2d   Thumb Code   514  motor.o(.text)
    MotorOnOff                               0x08004f2f   Thumb Code    30  motor.o(.text)
    MotorRotateR                             0x08004f4d   Thumb Code    90  motor.o(.text)
    MotorRotateL                             0x08004fa7   Thumb Code    90  motor.o(.text)
    MotorRotateStop                          0x08005001   Thumb Code    58  motor.o(.text)
    BL_MotorRotateR                          0x0800503b   Thumb Code    44  motor.o(.text)
    BL_MotorRotateL                          0x08005067   Thumb Code    44  motor.o(.text)
    MotorStop                                0x08005093   Thumb Code    46  motor.o(.text)
    MotorJeonJin                             0x080050c1   Thumb Code   124  motor.o(.text)
    MotorHooJin                              0x0800513d   Thumb Code   120  motor.o(.text)
    Motor_DataRead                           0x080051b5   Thumb Code    72  motor.o(.text)
    Motor_DataWrite                          0x080051fd   Thumb Code    72  motor.o(.text)
    Flash_write                              0x08005371   Thumb Code   140  flash.o(.text)
    Flash_read                               0x08005451   Thumb Code    46  flash.o(.text)
    AGE_Data_Init                            0x0800547f   Thumb Code    20  flash.o(.text)
    GetGyroValue                             0x080054b9   Thumb Code    18  gyro.o(.text)
    Gyro_Action                              0x080054cb   Thumb Code   156  gyro.o(.text)
    LED_Control                              0x0800558d   Thumb Code   150  led.o(.text)
    Led_Action                               0x08005623   Thumb Code   528  led.o(.text)
    BlockGame_Action                         0x08005865   Thumb Code    22  blockgame.o(.text)
    BlockGameReady                           0x0800587b   Thumb Code    46  blockgame.o(.text)
    BlockGameStart                           0x080058a9   Thumb Code    60  blockgame.o(.text)
    BlockGameStop                            0x080058e5   Thumb Code    66  blockgame.o(.text)
    Data_send                                0x08005927   Thumb Code   290  blockgame.o(.text)
    Data_save                                0x08005a49   Thumb Code   188  blockgame.o(.text)
    BlockGameResult                          0x08005b05   Thumb Code    60  blockgame.o(.text)
    BGM_Nothing                              0x08005b41   Thumb Code    20  blockgame.o(.text)
    BGM_JeonJin                              0x08005b55   Thumb Code    20  blockgame.o(.text)
    BGM_BlockDetect                          0x08005b69   Thumb Code    38  blockgame.o(.text)
    BGM_GoalInCheck                          0x08005b8f   Thumb Code    72  blockgame.o(.text)
    BGM_WhatDirection                        0x08005bd7   Thumb Code    46  blockgame.o(.text)
    BGM_FistDistance                         0x08005c05   Thumb Code   280  blockgame.o(.text)
    BGM_ExcuteDirection                      0x08005d1d   Thumb Code    52  blockgame.o(.text)
    BGM_DirectionStop                        0x08005d51   Thumb Code   158  blockgame.o(.text)
    BGM_SecondDistance                       0x08005def   Thumb Code    76  blockgame.o(.text)
    BGM_Back                                 0x08005e3b   Thumb Code    94  blockgame.o(.text)
    BGM_BackStop                             0x08005e99   Thumb Code    70  blockgame.o(.text)
    BGM_Parallel                             0x08005edf   Thumb Code   812  blockgame.o(.text)
    GetSensorValue                           0x08006219   Thumb Code    10  sensor.o(.text)
    GetNewSensorValue                        0x08006223   Thumb Code   290  sensor.o(.text)
    GetSensorValueReal                       0x08006345   Thumb Code    10  sensor.o(.text)
    IsSensorCheck                            0x0800634f   Thumb Code    26  sensor.o(.text)
    Battery_Check                            0x08006369   Thumb Code   162  sensor.o(.text)
    IRSensor_DataRead                        0x0800640b   Thumb Code    84  sensor.o(.text)
    IRSensor_DataWrite                       0x0800645f   Thumb Code    84  sensor.o(.text)
    IRSensor_Calibration                     0x080064b3   Thumb Code   180  sensor.o(.text)
    IRSensor_CalibrationF                    0x08006567   Thumb Code    50  sensor.o(.text)
    NVIC_PriorityGroupConfig                 0x080065f9   Thumb Code    10  misc.o(.text)
    NVIC_Init                                0x08006603   Thumb Code   100  misc.o(.text)
    NVIC_SetVectorTable                      0x08006667   Thumb Code    14  misc.o(.text)
    NVIC_SystemLPConfig                      0x08006675   Thumb Code    34  misc.o(.text)
    SysTick_CLKSourceConfig                  0x08006697   Thumb Code    40  misc.o(.text)
    ADC_DeInit                               0x080066d5   Thumb Code    78  stm32f10x_adc.o(.text)
    ADC_Init                                 0x08006723   Thumb Code    70  stm32f10x_adc.o(.text)
    ADC_StructInit                           0x08006769   Thumb Code    18  stm32f10x_adc.o(.text)
    ADC_Cmd                                  0x0800677b   Thumb Code    22  stm32f10x_adc.o(.text)
    ADC_DMACmd                               0x08006791   Thumb Code    22  stm32f10x_adc.o(.text)
    ADC_ITConfig                             0x080067a7   Thumb Code    24  stm32f10x_adc.o(.text)
    ADC_ResetCalibration                     0x080067bf   Thumb Code    10  stm32f10x_adc.o(.text)
    ADC_GetResetCalibrationStatus            0x080067c9   Thumb Code    20  stm32f10x_adc.o(.text)
    ADC_StartCalibration                     0x080067dd   Thumb Code    10  stm32f10x_adc.o(.text)
    ADC_GetCalibrationStatus                 0x080067e7   Thumb Code    20  stm32f10x_adc.o(.text)
    ADC_SoftwareStartConvCmd                 0x080067fb   Thumb Code    22  stm32f10x_adc.o(.text)
    ADC_GetSoftwareStartConvStatus           0x08006811   Thumb Code    20  stm32f10x_adc.o(.text)
    ADC_DiscModeChannelCountConfig           0x08006825   Thumb Code    24  stm32f10x_adc.o(.text)
    ADC_DiscModeCmd                          0x0800683d   Thumb Code    22  stm32f10x_adc.o(.text)
    ADC_RegularChannelConfig                 0x08006853   Thumb Code   184  stm32f10x_adc.o(.text)
    ADC_ExternalTrigConvCmd                  0x0800690b   Thumb Code    22  stm32f10x_adc.o(.text)
    ADC_GetConversionValue                   0x08006921   Thumb Code     8  stm32f10x_adc.o(.text)
    ADC_GetDualModeConversionValue           0x08006929   Thumb Code     8  stm32f10x_adc.o(.text)
    ADC_AutoInjectedConvCmd                  0x08006931   Thumb Code    22  stm32f10x_adc.o(.text)
    ADC_InjectedDiscModeCmd                  0x08006947   Thumb Code    22  stm32f10x_adc.o(.text)
    ADC_ExternalTrigInjectedConvConfig       0x0800695d   Thumb Code    16  stm32f10x_adc.o(.text)
    ADC_ExternalTrigInjectedConvCmd          0x0800696d   Thumb Code    22  stm32f10x_adc.o(.text)
    ADC_SoftwareStartInjectedConvCmd         0x08006983   Thumb Code    22  stm32f10x_adc.o(.text)
    ADC_GetSoftwareStartInjectedConvCmdStatus 0x08006999   Thumb Code    20  stm32f10x_adc.o(.text)
    ADC_InjectedChannelConfig                0x080069ad   Thumb Code   130  stm32f10x_adc.o(.text)
    ADC_InjectedSequencerLengthConfig        0x08006a2f   Thumb Code    24  stm32f10x_adc.o(.text)
    ADC_SetInjectedOffset                    0x08006a47   Thumb Code    20  stm32f10x_adc.o(.text)
    ADC_GetInjectedConversionValue           0x08006a5b   Thumb Code    28  stm32f10x_adc.o(.text)
    ADC_AnalogWatchdogCmd                    0x08006a77   Thumb Code    16  stm32f10x_adc.o(.text)
    ADC_AnalogWatchdogThresholdsConfig       0x08006a87   Thumb Code     6  stm32f10x_adc.o(.text)
    ADC_AnalogWatchdogSingleChannelConfig    0x08006a8d   Thumb Code    16  stm32f10x_adc.o(.text)
    ADC_TempSensorVrefintCmd                 0x08006a9d   Thumb Code    64  stm32f10x_adc.o(.text)
    ADC_GetFlagStatus                        0x08006add   Thumb Code    18  stm32f10x_adc.o(.text)
    ADC_ClearFlag                            0x08006aef   Thumb Code     6  stm32f10x_adc.o(.text)
    ADC_GetITStatus                          0x08006af5   Thumb Code    36  stm32f10x_adc.o(.text)
    ADC_ClearITPendingBit                    0x08006b19   Thumb Code    10  stm32f10x_adc.o(.text)
    BKP_DeInit                               0x08006b25   Thumb Code    16  stm32f10x_bkp.o(.text)
    BKP_TamperPinLevelConfig                 0x08006b35   Thumb Code     6  stm32f10x_bkp.o(.text)
    BKP_TamperPinCmd                         0x08006b3b   Thumb Code     8  stm32f10x_bkp.o(.text)
    BKP_ITConfig                             0x08006b43   Thumb Code     8  stm32f10x_bkp.o(.text)
    BKP_RTCOutputConfig                      0x08006b4b   Thumb Code    22  stm32f10x_bkp.o(.text)
    BKP_SetRTCCalibrationValue               0x08006b61   Thumb Code    22  stm32f10x_bkp.o(.text)
    BKP_WriteBackupRegister                  0x08006b77   Thumb Code    24  stm32f10x_bkp.o(.text)
    BKP_ReadBackupRegister                   0x08006b8f   Thumb Code    26  stm32f10x_bkp.o(.text)
    BKP_GetFlagStatus                        0x08006ba9   Thumb Code    10  stm32f10x_bkp.o(.text)
    BKP_ClearFlag                            0x08006bb3   Thumb Code    18  stm32f10x_bkp.o(.text)
    BKP_GetITStatus                          0x08006bc5   Thumb Code    10  stm32f10x_bkp.o(.text)
    BKP_ClearITPendingBit                    0x08006bcf   Thumb Code    18  stm32f10x_bkp.o(.text)
    DMA_DeInit                               0x08006be9   Thumb Code   324  stm32f10x_dma.o(.text)
    DMA_Init                                 0x08006d2d   Thumb Code    60  stm32f10x_dma.o(.text)
    DMA_StructInit                           0x08006d69   Thumb Code    26  stm32f10x_dma.o(.text)
    DMA_Cmd                                  0x08006d83   Thumb Code    24  stm32f10x_dma.o(.text)
    DMA_ITConfig                             0x08006d9b   Thumb Code    18  stm32f10x_dma.o(.text)
    DMA_SetCurrDataCounter                   0x08006dad   Thumb Code     4  stm32f10x_dma.o(.text)
    DMA_GetCurrDataCounter                   0x08006db1   Thumb Code     8  stm32f10x_dma.o(.text)
    DMA_GetFlagStatus                        0x08006db9   Thumb Code    40  stm32f10x_dma.o(.text)
    DMA_ClearFlag                            0x08006de1   Thumb Code    22  stm32f10x_dma.o(.text)
    DMA_GetITStatus                          0x08006df7   Thumb Code    40  stm32f10x_dma.o(.text)
    DMA_ClearITPendingBit                    0x08006e1f   Thumb Code    22  stm32f10x_dma.o(.text)
    EXTI_DeInit                              0x08006e3d   Thumb Code    28  stm32f10x_exti.o(.text)
    EXTI_Init                                0x08006e59   Thumb Code   142  stm32f10x_exti.o(.text)
    EXTI_StructInit                          0x08006ee7   Thumb Code    16  stm32f10x_exti.o(.text)
    EXTI_GenerateSWInterrupt                 0x08006ef7   Thumb Code    16  stm32f10x_exti.o(.text)
    EXTI_GetFlagStatus                       0x08006f07   Thumb Code    22  stm32f10x_exti.o(.text)
    EXTI_ClearFlag                           0x08006f1d   Thumb Code     8  stm32f10x_exti.o(.text)
    EXTI_GetITStatus                         0x08006f25   Thumb Code    34  stm32f10x_exti.o(.text)
    EXTI_ClearITPendingBit                   0x08006f47   Thumb Code     8  stm32f10x_exti.o(.text)
    FLASH_SetLatency                         0x08006f59   Thumb Code    18  stm32f10x_flash.o(.text)
    FLASH_HalfCycleAccessCmd                 0x08006f6b   Thumb Code    22  stm32f10x_flash.o(.text)
    FLASH_PrefetchBufferCmd                  0x08006f81   Thumb Code    22  stm32f10x_flash.o(.text)
    FLASH_Unlock                             0x08006f97   Thumb Code    12  stm32f10x_flash.o(.text)
    FLASH_UnlockBank1                        0x08006fa3   Thumb Code    12  stm32f10x_flash.o(.text)
    FLASH_Lock                               0x08006faf   Thumb Code    14  stm32f10x_flash.o(.text)
    FLASH_LockBank1                          0x08006fbd   Thumb Code    14  stm32f10x_flash.o(.text)
    FLASH_GetBank1Status                     0x08006fcb   Thumb Code    48  stm32f10x_flash.o(.text)
    FLASH_WaitForLastOperation               0x08006ffb   Thumb Code    38  stm32f10x_flash.o(.text)
    FLASH_ErasePage                          0x08007021   Thumb Code    72  stm32f10x_flash.o(.text)
    FLASH_EraseAllPages                      0x08007069   Thumb Code    68  stm32f10x_flash.o(.text)
    FLASH_WaitForLastBank1Operation          0x080070ad   Thumb Code    38  stm32f10x_flash.o(.text)
    FLASH_EraseAllBank1Pages                 0x080070d3   Thumb Code    68  stm32f10x_flash.o(.text)
    FLASH_GetReadOutProtectionStatus         0x08007117   Thumb Code    20  stm32f10x_flash.o(.text)
    FLASH_EraseOptionBytes                   0x0800712b   Thumb Code   150  stm32f10x_flash.o(.text)
    FLASH_ProgramWord                        0x080071c1   Thumb Code   102  stm32f10x_flash.o(.text)
    FLASH_ProgramHalfWord                    0x08007227   Thumb Code    60  stm32f10x_flash.o(.text)
    FLASH_ProgramOptionByteData              0x08007263   Thumb Code    72  stm32f10x_flash.o(.text)
    FLASH_EnableWriteProtection              0x080072ab   Thumb Code   200  stm32f10x_flash.o(.text)
    FLASH_ReadOutProtection                  0x08007373   Thumb Code   156  stm32f10x_flash.o(.text)
    FLASH_UserOptionByteConfig               0x0800740f   Thumb Code    88  stm32f10x_flash.o(.text)
    FLASH_GetUserOptionByte                  0x08007467   Thumb Code     8  stm32f10x_flash.o(.text)
    FLASH_GetWriteProtectionOptionByte       0x0800746f   Thumb Code     6  stm32f10x_flash.o(.text)
    FLASH_GetPrefetchBufferStatus            0x08007475   Thumb Code    20  stm32f10x_flash.o(.text)
    FLASH_ITConfig                           0x08007489   Thumb Code    26  stm32f10x_flash.o(.text)
    FLASH_GetFlagStatus                      0x080074a3   Thumb Code    42  stm32f10x_flash.o(.text)
    FLASH_ClearFlag                          0x080074cd   Thumb Code     6  stm32f10x_flash.o(.text)
    FLASH_GetStatus                          0x080074d3   Thumb Code    48  stm32f10x_flash.o(.text)
    GPIO_DeInit                              0x08007515   Thumb Code   172  stm32f10x_gpio.o(.text)
    GPIO_AFIODeInit                          0x080075c1   Thumb Code    20  stm32f10x_gpio.o(.text)
    GPIO_Init                                0x080075d5   Thumb Code   278  stm32f10x_gpio.o(.text)
    GPIO_StructInit                          0x080076eb   Thumb Code    16  stm32f10x_gpio.o(.text)
    GPIO_ReadInputDataBit                    0x080076fb   Thumb Code    18  stm32f10x_gpio.o(.text)
    GPIO_ReadInputData                       0x0800770d   Thumb Code     8  stm32f10x_gpio.o(.text)
    GPIO_ReadOutputDataBit                   0x08007715   Thumb Code    18  stm32f10x_gpio.o(.text)
    GPIO_ReadOutputData                      0x08007727   Thumb Code     8  stm32f10x_gpio.o(.text)
    GPIO_SetBits                             0x0800772f   Thumb Code     4  stm32f10x_gpio.o(.text)
    GPIO_ResetBits                           0x08007733   Thumb Code     4  stm32f10x_gpio.o(.text)
    GPIO_WriteBit                            0x08007737   Thumb Code    10  stm32f10x_gpio.o(.text)
    GPIO_Write                               0x08007741   Thumb Code     4  stm32f10x_gpio.o(.text)
    GPIO_PinLockConfig                       0x08007745   Thumb Code    18  stm32f10x_gpio.o(.text)
    GPIO_EventOutputConfig                   0x08007757   Thumb Code    26  stm32f10x_gpio.o(.text)
    GPIO_EventOutputCmd                      0x08007771   Thumb Code     6  stm32f10x_gpio.o(.text)
    GPIO_PinRemapConfig                      0x08007777   Thumb Code   138  stm32f10x_gpio.o(.text)
    GPIO_EXTILineConfig                      0x08007801   Thumb Code    66  stm32f10x_gpio.o(.text)
    GPIO_ETH_MediaInterfaceConfig            0x08007843   Thumb Code     8  stm32f10x_gpio.o(.text)
    I2C_DeInit                               0x08007871   Thumb Code    50  stm32f10x_i2c.o(.text)
    I2C_Init                                 0x080078a3   Thumb Code   222  stm32f10x_i2c.o(.text)
    I2C_StructInit                           0x08007981   Thumb Code    30  stm32f10x_i2c.o(.text)
    I2C_Cmd                                  0x0800799f   Thumb Code    24  stm32f10x_i2c.o(.text)
    I2C_DMACmd                               0x080079b7   Thumb Code    24  stm32f10x_i2c.o(.text)
    I2C_DMALastTransferCmd                   0x080079cf   Thumb Code    24  stm32f10x_i2c.o(.text)
    I2C_GenerateSTART                        0x080079e7   Thumb Code    24  stm32f10x_i2c.o(.text)
    I2C_GenerateSTOP                         0x080079ff   Thumb Code    24  stm32f10x_i2c.o(.text)
    I2C_AcknowledgeConfig                    0x08007a17   Thumb Code    24  stm32f10x_i2c.o(.text)
    I2C_OwnAddress2Config                    0x08007a2f   Thumb Code    22  stm32f10x_i2c.o(.text)
    I2C_DualAddressCmd                       0x08007a45   Thumb Code    24  stm32f10x_i2c.o(.text)
    I2C_GeneralCallCmd                       0x08007a5d   Thumb Code    24  stm32f10x_i2c.o(.text)
    I2C_ITConfig                             0x08007a75   Thumb Code    18  stm32f10x_i2c.o(.text)
    I2C_SendData                             0x08007a87   Thumb Code     4  stm32f10x_i2c.o(.text)
    I2C_ReceiveData                          0x08007a8b   Thumb Code     8  stm32f10x_i2c.o(.text)
    I2C_Send7bitAddress                      0x08007a93   Thumb Code    18  stm32f10x_i2c.o(.text)
    I2C_ReadRegister                         0x08007aa5   Thumb Code    22  stm32f10x_i2c.o(.text)
    I2C_SoftwareResetCmd                     0x08007abb   Thumb Code    22  stm32f10x_i2c.o(.text)
    I2C_NACKPositionConfig                   0x08007ad1   Thumb Code    28  stm32f10x_i2c.o(.text)
    I2C_SMBusAlertConfig                     0x08007aed   Thumb Code    28  stm32f10x_i2c.o(.text)
    I2C_TransmitPEC                          0x08007b09   Thumb Code    24  stm32f10x_i2c.o(.text)
    I2C_PECPositionConfig                    0x08007b21   Thumb Code    28  stm32f10x_i2c.o(.text)
    I2C_CalculatePEC                         0x08007b3d   Thumb Code    24  stm32f10x_i2c.o(.text)
    I2C_GetPEC                               0x08007b55   Thumb Code     8  stm32f10x_i2c.o(.text)
    I2C_ARPCmd                               0x08007b5d   Thumb Code    24  stm32f10x_i2c.o(.text)
    I2C_StretchClockCmd                      0x08007b75   Thumb Code    24  stm32f10x_i2c.o(.text)
    I2C_FastModeDutyCycleConfig              0x08007b8d   Thumb Code    28  stm32f10x_i2c.o(.text)
    I2C_CheckEvent                           0x08007ba9   Thumb Code    42  stm32f10x_i2c.o(.text)
    I2C_GetLastEvent                         0x08007bd3   Thumb Code    26  stm32f10x_i2c.o(.text)
    I2C_GetFlagStatus                        0x08007bed   Thumb Code    58  stm32f10x_i2c.o(.text)
    I2C_ClearFlag                            0x08007c27   Thumb Code    12  stm32f10x_i2c.o(.text)
    I2C_GetITStatus                          0x08007c33   Thumb Code    54  stm32f10x_i2c.o(.text)
    I2C_ClearITPendingBit                    0x08007c69   Thumb Code    12  stm32f10x_i2c.o(.text)
    PWR_DeInit                               0x08007c75   Thumb Code    22  stm32f10x_pwr.o(.text)
    PWR_BackupAccessCmd                      0x08007c8b   Thumb Code     6  stm32f10x_pwr.o(.text)
    PWR_PVDCmd                               0x08007c91   Thumb Code     6  stm32f10x_pwr.o(.text)
    PWR_PVDLevelConfig                       0x08007c97   Thumb Code    18  stm32f10x_pwr.o(.text)
    PWR_WakeUpPinCmd                         0x08007ca9   Thumb Code     8  stm32f10x_pwr.o(.text)
    PWR_EnterSTOPMode                        0x08007cb1   Thumb Code    54  stm32f10x_pwr.o(.text)
    PWR_EnterSTANDBYMode                     0x08007ce7   Thumb Code    42  stm32f10x_pwr.o(.text)
    PWR_GetFlagStatus                        0x08007d11   Thumb Code    20  stm32f10x_pwr.o(.text)
    PWR_ClearFlag                            0x08007d25   Thumb Code    14  stm32f10x_pwr.o(.text)
    RCC_DeInit                               0x08007d41   Thumb Code    64  stm32f10x_rcc.o(.text)
    RCC_HSEConfig                            0x08007d81   Thumb Code    70  stm32f10x_rcc.o(.text)
    RCC_GetFlagStatus                        0x08007dc7   Thumb Code    56  stm32f10x_rcc.o(.text)
    RCC_WaitForHSEStartUp                    0x08007dff   Thumb Code    56  stm32f10x_rcc.o(.text)
    RCC_AdjustHSICalibrationValue            0x08007e37   Thumb Code    20  stm32f10x_rcc.o(.text)
    RCC_HSICmd                               0x08007e4b   Thumb Code     6  stm32f10x_rcc.o(.text)
    RCC_PLLConfig                            0x08007e51   Thumb Code    24  stm32f10x_rcc.o(.text)
    RCC_PLLCmd                               0x08007e69   Thumb Code     6  stm32f10x_rcc.o(.text)
    RCC_SYSCLKConfig                         0x08007e6f   Thumb Code    18  stm32f10x_rcc.o(.text)
    RCC_GetSYSCLKSource                      0x08007e81   Thumb Code    10  stm32f10x_rcc.o(.text)
    RCC_HCLKConfig                           0x08007e8b   Thumb Code    18  stm32f10x_rcc.o(.text)
    RCC_PCLK1Config                          0x08007e9d   Thumb Code    18  stm32f10x_rcc.o(.text)
    RCC_PCLK2Config                          0x08007eaf   Thumb Code    20  stm32f10x_rcc.o(.text)
    RCC_ITConfig                             0x08007ec3   Thumb Code    26  stm32f10x_rcc.o(.text)
    RCC_USBCLKConfig                         0x08007edd   Thumb Code     8  stm32f10x_rcc.o(.text)
    RCC_ADCCLKConfig                         0x08007ee5   Thumb Code    18  stm32f10x_rcc.o(.text)
    RCC_LSEConfig                            0x08007ef7   Thumb Code    50  stm32f10x_rcc.o(.text)
    RCC_LSICmd                               0x08007f29   Thumb Code     6  stm32f10x_rcc.o(.text)
    RCC_RTCCLKConfig                         0x08007f2f   Thumb Code    12  stm32f10x_rcc.o(.text)
    RCC_RTCCLKCmd                            0x08007f3b   Thumb Code     8  stm32f10x_rcc.o(.text)
    RCC_GetClocksFreq                        0x08007f43   Thumb Code   192  stm32f10x_rcc.o(.text)
    RCC_AHBPeriphClockCmd                    0x08008003   Thumb Code    26  stm32f10x_rcc.o(.text)
    RCC_APB2PeriphClockCmd                   0x0800801d   Thumb Code    26  stm32f10x_rcc.o(.text)
    RCC_APB1PeriphClockCmd                   0x08008037   Thumb Code    26  stm32f10x_rcc.o(.text)
    RCC_APB2PeriphResetCmd                   0x08008051   Thumb Code    26  stm32f10x_rcc.o(.text)
    RCC_APB1PeriphResetCmd                   0x0800806b   Thumb Code    26  stm32f10x_rcc.o(.text)
    RCC_BackupResetCmd                       0x08008085   Thumb Code     8  stm32f10x_rcc.o(.text)
    RCC_ClockSecuritySystemCmd               0x0800808d   Thumb Code     6  stm32f10x_rcc.o(.text)
    RCC_MCOConfig                            0x08008093   Thumb Code     6  stm32f10x_rcc.o(.text)
    RCC_ClearFlag                            0x08008099   Thumb Code    14  stm32f10x_rcc.o(.text)
    RCC_GetITStatus                          0x080080a7   Thumb Code    20  stm32f10x_rcc.o(.text)
    RCC_ClearITPendingBit                    0x080080bb   Thumb Code     6  stm32f10x_rcc.o(.text)
    TIM_DeInit                               0x080080ed   Thumb Code   424  stm32f10x_tim.o(.text)
    TIM_TimeBaseInit                         0x08008295   Thumb Code   122  stm32f10x_tim.o(.text)
    TIM_OC1Init                              0x0800830f   Thumb Code   132  stm32f10x_tim.o(.text)
    TIM_OC2Init                              0x08008393   Thumb Code   154  stm32f10x_tim.o(.text)
    TIM_OC3Init                              0x0800842d   Thumb Code   150  stm32f10x_tim.o(.text)
    TIM_OC4Init                              0x080084c3   Thumb Code   182  stm32f10x_tim.o(.text)
    TIM_SetIC4Prescaler                      0x08008579   Thumb Code    26  stm32f10x_tim.o(.text)
    TIM_SetIC3Prescaler                      0x08008615   Thumb Code    18  stm32f10x_tim.o(.text)
    TIM_SetIC2Prescaler                      0x080086a1   Thumb Code    26  stm32f10x_tim.o(.text)
    TIM_SetIC1Prescaler                      0x0800873d   Thumb Code    18  stm32f10x_tim.o(.text)
    TIM_ICInit                               0x080087bb   Thumb Code   150  stm32f10x_tim.o(.text)
    TIM_PWMIConfig                           0x08008851   Thumb Code   124  stm32f10x_tim.o(.text)
    TIM_BDTRConfig                           0x080088cd   Thumb Code    32  stm32f10x_tim.o(.text)
    TIM_TimeBaseStructInit                   0x080088ed   Thumb Code    18  stm32f10x_tim.o(.text)
    TIM_OCStructInit                         0x080088ff   Thumb Code    20  stm32f10x_tim.o(.text)
    TIM_ICStructInit                         0x08008913   Thumb Code    18  stm32f10x_tim.o(.text)
    TIM_BDTRStructInit                       0x08008925   Thumb Code    40  stm32f10x_tim.o(.text)
    TIM_Cmd                                  0x0800894d   Thumb Code    24  stm32f10x_tim.o(.text)
    TIM_CtrlPWMOutputs                       0x08008965   Thumb Code    30  stm32f10x_tim.o(.text)
    TIM_ITConfig                             0x08008983   Thumb Code    18  stm32f10x_tim.o(.text)
    TIM_GenerateEvent                        0x08008995   Thumb Code     4  stm32f10x_tim.o(.text)
    TIM_DMAConfig                            0x08008999   Thumb Code    10  stm32f10x_tim.o(.text)
    TIM_DMACmd                               0x080089a3   Thumb Code    18  stm32f10x_tim.o(.text)
    TIM_InternalClockConfig                  0x080089b5   Thumb Code    12  stm32f10x_tim.o(.text)
    TIM_SelectInputTrigger                   0x080089c1   Thumb Code    18  stm32f10x_tim.o(.text)
    TIM_ITRxExternalClockConfig              0x080089d3   Thumb Code    24  stm32f10x_tim.o(.text)
    TIM_TIxExternalClockConfig               0x080089eb   Thumb Code    62  stm32f10x_tim.o(.text)
    TIM_ETRConfig                            0x08008a29   Thumb Code    28  stm32f10x_tim.o(.text)
    TIM_ETRClockMode1Config                  0x08008a45   Thumb Code    54  stm32f10x_tim.o(.text)
    TIM_ETRClockMode2Config                  0x08008a7b   Thumb Code    32  stm32f10x_tim.o(.text)
    TIM_PrescalerConfig                      0x08008a9b   Thumb Code     6  stm32f10x_tim.o(.text)
    TIM_CounterModeConfig                    0x08008aa1   Thumb Code    18  stm32f10x_tim.o(.text)
    TIM_EncoderInterfaceConfig               0x08008ab3   Thumb Code    66  stm32f10x_tim.o(.text)
    TIM_ForcedOC1Config                      0x08008af5   Thumb Code    18  stm32f10x_tim.o(.text)
    TIM_ForcedOC2Config                      0x08008b07   Thumb Code    26  stm32f10x_tim.o(.text)
    TIM_ForcedOC3Config                      0x08008b21   Thumb Code    18  stm32f10x_tim.o(.text)
    TIM_ForcedOC4Config                      0x08008b33   Thumb Code    26  stm32f10x_tim.o(.text)
    TIM_ARRPreloadConfig                     0x08008b4d   Thumb Code    24  stm32f10x_tim.o(.text)
    TIM_SelectCOM                            0x08008b65   Thumb Code    24  stm32f10x_tim.o(.text)
    TIM_SelectCCDMA                          0x08008b7d   Thumb Code    24  stm32f10x_tim.o(.text)
    TIM_CCPreloadControl                     0x08008b95   Thumb Code    24  stm32f10x_tim.o(.text)
    TIM_OC1PreloadConfig                     0x08008bad   Thumb Code    18  stm32f10x_tim.o(.text)
    TIM_OC2PreloadConfig                     0x08008bbf   Thumb Code    26  stm32f10x_tim.o(.text)
    TIM_OC3PreloadConfig                     0x08008bd9   Thumb Code    18  stm32f10x_tim.o(.text)
    TIM_OC4PreloadConfig                     0x08008beb   Thumb Code    26  stm32f10x_tim.o(.text)
    TIM_OC1FastConfig                        0x08008c05   Thumb Code    18  stm32f10x_tim.o(.text)
    TIM_OC2FastConfig                        0x08008c17   Thumb Code    26  stm32f10x_tim.o(.text)
    TIM_OC3FastConfig                        0x08008c31   Thumb Code    18  stm32f10x_tim.o(.text)
    TIM_OC4FastConfig                        0x08008c43   Thumb Code    26  stm32f10x_tim.o(.text)
    TIM_ClearOC1Ref                          0x08008c5d   Thumb Code    18  stm32f10x_tim.o(.text)
    TIM_ClearOC2Ref                          0x08008c6f   Thumb Code    24  stm32f10x_tim.o(.text)
    TIM_ClearOC3Ref                          0x08008c87   Thumb Code    18  stm32f10x_tim.o(.text)
    TIM_ClearOC4Ref                          0x08008c99   Thumb Code    24  stm32f10x_tim.o(.text)
    TIM_OC1PolarityConfig                    0x08008cb1   Thumb Code    18  stm32f10x_tim.o(.text)
    TIM_OC1NPolarityConfig                   0x08008cc3   Thumb Code    18  stm32f10x_tim.o(.text)
    TIM_OC2PolarityConfig                    0x08008cd5   Thumb Code    26  stm32f10x_tim.o(.text)
    TIM_OC2NPolarityConfig                   0x08008cef   Thumb Code    26  stm32f10x_tim.o(.text)
    TIM_OC3PolarityConfig                    0x08008d09   Thumb Code    26  stm32f10x_tim.o(.text)
    TIM_OC3NPolarityConfig                   0x08008d23   Thumb Code    26  stm32f10x_tim.o(.text)
    TIM_OC4PolarityConfig                    0x08008d3d   Thumb Code    26  stm32f10x_tim.o(.text)
    TIM_CCxCmd                               0x08008d57   Thumb Code    30  stm32f10x_tim.o(.text)
    TIM_CCxNCmd                              0x08008d75   Thumb Code    30  stm32f10x_tim.o(.text)
    TIM_SelectOCxM                           0x08008d93   Thumb Code    82  stm32f10x_tim.o(.text)
    TIM_UpdateDisableConfig                  0x08008de5   Thumb Code    24  stm32f10x_tim.o(.text)
    TIM_UpdateRequestConfig                  0x08008dfd   Thumb Code    24  stm32f10x_tim.o(.text)
    TIM_SelectHallSensor                     0x08008e15   Thumb Code    24  stm32f10x_tim.o(.text)
    TIM_SelectOnePulseMode                   0x08008e2d   Thumb Code    18  stm32f10x_tim.o(.text)
    TIM_SelectOutputTrigger                  0x08008e3f   Thumb Code    18  stm32f10x_tim.o(.text)
    TIM_SelectSlaveMode                      0x08008e51   Thumb Code    18  stm32f10x_tim.o(.text)
    TIM_SelectMasterSlaveMode                0x08008e63   Thumb Code    18  stm32f10x_tim.o(.text)
    TIM_SetCounter                           0x08008e75   Thumb Code     4  stm32f10x_tim.o(.text)
    TIM_SetAutoreload                        0x08008e79   Thumb Code     4  stm32f10x_tim.o(.text)
    TIM_SetCompare1                          0x08008e7d   Thumb Code     4  stm32f10x_tim.o(.text)
    TIM_SetCompare2                          0x08008e81   Thumb Code     4  stm32f10x_tim.o(.text)
    TIM_SetCompare3                          0x08008e85   Thumb Code     4  stm32f10x_tim.o(.text)
    TIM_SetCompare4                          0x08008e89   Thumb Code     6  stm32f10x_tim.o(.text)
    TIM_SetClockDivision                     0x08008e8f   Thumb Code    18  stm32f10x_tim.o(.text)
    TIM_GetCapture1                          0x08008ea1   Thumb Code     6  stm32f10x_tim.o(.text)
    TIM_GetCapture2                          0x08008ea7   Thumb Code     6  stm32f10x_tim.o(.text)
    TIM_GetCapture3                          0x08008ead   Thumb Code     6  stm32f10x_tim.o(.text)
    TIM_GetCapture4                          0x08008eb3   Thumb Code     8  stm32f10x_tim.o(.text)
    TIM_GetCounter                           0x08008ebb   Thumb Code     6  stm32f10x_tim.o(.text)
    TIM_GetPrescaler                         0x08008ec1   Thumb Code     6  stm32f10x_tim.o(.text)
    TIM_GetFlagStatus                        0x08008ec7   Thumb Code    18  stm32f10x_tim.o(.text)
    TIM_ClearFlag                            0x08008ed9   Thumb Code     6  stm32f10x_tim.o(.text)
    TIM_GetITStatus                          0x08008edf   Thumb Code    34  stm32f10x_tim.o(.text)
    TIM_ClearITPendingBit                    0x08008f01   Thumb Code     6  stm32f10x_tim.o(.text)
    USART_DeInit                             0x08008f09   Thumb Code   134  stm32f10x_usart.o(.text)
    USART_Init                               0x08008f8f   Thumb Code   210  stm32f10x_usart.o(.text)
    USART_StructInit                         0x08009061   Thumb Code    24  stm32f10x_usart.o(.text)
    USART_ClockInit                          0x08009079   Thumb Code    34  stm32f10x_usart.o(.text)
    USART_ClockStructInit                    0x0800909b   Thumb Code    12  stm32f10x_usart.o(.text)
    USART_Cmd                                0x080090a7   Thumb Code    24  stm32f10x_usart.o(.text)
    USART_ITConfig                           0x080090bf   Thumb Code    74  stm32f10x_usart.o(.text)
    USART_DMACmd                             0x08009109   Thumb Code    18  stm32f10x_usart.o(.text)
    USART_SetAddress                         0x0800911b   Thumb Code    18  stm32f10x_usart.o(.text)
    USART_WakeUpConfig                       0x0800912d   Thumb Code    18  stm32f10x_usart.o(.text)
    USART_ReceiverWakeUpCmd                  0x0800913f   Thumb Code    24  stm32f10x_usart.o(.text)
    USART_LINBreakDetectLengthConfig         0x08009157   Thumb Code    18  stm32f10x_usart.o(.text)
    USART_LINCmd                             0x08009169   Thumb Code    24  stm32f10x_usart.o(.text)
    USART_SendData                           0x08009181   Thumb Code     8  stm32f10x_usart.o(.text)
    USART_ReceiveData                        0x08009189   Thumb Code    10  stm32f10x_usart.o(.text)
    USART_SendBreak                          0x08009193   Thumb Code    10  stm32f10x_usart.o(.text)
    USART_SetGuardTime                       0x0800919d   Thumb Code    16  stm32f10x_usart.o(.text)
    USART_SetPrescaler                       0x080091ad   Thumb Code    16  stm32f10x_usart.o(.text)
    USART_SmartCardCmd                       0x080091bd   Thumb Code    24  stm32f10x_usart.o(.text)
    USART_SmartCardNACKCmd                   0x080091d5   Thumb Code    24  stm32f10x_usart.o(.text)
    USART_HalfDuplexCmd                      0x080091ed   Thumb Code    24  stm32f10x_usart.o(.text)
    USART_OverSampling8Cmd                   0x08009205   Thumb Code    22  stm32f10x_usart.o(.text)
    USART_OneBitMethodCmd                    0x0800921b   Thumb Code    24  stm32f10x_usart.o(.text)
    USART_IrDAConfig                         0x08009233   Thumb Code    18  stm32f10x_usart.o(.text)
    USART_IrDACmd                            0x08009245   Thumb Code    24  stm32f10x_usart.o(.text)
    USART_GetFlagStatus                      0x0800925d   Thumb Code    26  stm32f10x_usart.o(.text)
    USART_ClearFlag                          0x08009277   Thumb Code    18  stm32f10x_usart.o(.text)
    USART_GetITStatus                        0x08009289   Thumb Code    84  stm32f10x_usart.o(.text)
    USART_ClearITPendingBit                  0x080092dd   Thumb Code    52  stm32f10x_usart.o(.text)
    HexIntToChar                             0x08009311   Thumb Code    98  miscellaneous.o(.text)
    HexToString                              0x08009373   Thumb Code    62  miscellaneous.o(.text)
    itoa                                     0x080093b1   Thumb Code    46  miscellaneous.o(.text)
    Uint8ToUint16                            0x080093df   Thumb Code    12  miscellaneous.o(.text)
    Uint16ToUint8                            0x080093eb   Thumb Code     8  miscellaneous.o(.text)
    Uint8ToUint32                            0x080093f3   Thumb Code    24  miscellaneous.o(.text)
    Uint32ToUint8                            0x0800940b   Thumb Code    16  miscellaneous.o(.text)
    delay_ms                                 0x0800941b   Thumb Code    16  miscellaneous.o(.text)
    Kalman_Filter                            0x0800942b   Thumb Code   102  miscellaneous.o(.text)
    I2C_Master_BufferRead                    0x080094ad   Thumb Code   560  mpu9150.o(.text)
    I2C_Master_BufferWrite                   0x080096dd   Thumb Code   178  mpu9150.o(.text)
    MPU6050_Initialize                       0x0800978f   Thumb Code   160  mpu9150.o(.text)
    I2C1_ByteWrite                           0x0800982f   Thumb Code   190  mpu9150.o(.text)
    I2C1_BufferRead                          0x080098ed   Thumb Code   306  mpu9150.o(.text)
    MPU6050_WriteBits                        0x08009a1f   Thumb Code    94  mpu9150.o(.text)
    MPU6050_Initialize_straight              0x08009a7d   Thumb Code    26  mpu9150.o(.text)
    MPU6050_Initialize_rotate                0x08009a97   Thumb Code    26  mpu9150.o(.text)
    MPU6050_ReadBits                         0x08009ab1   Thumb Code    78  mpu9150.o(.text)
    MPU6050_GetDeviceID                      0x08009aff   Thumb Code    24  mpu9150.o(.text)
    MPU6050_TestConnection                   0x08009b17   Thumb Code    18  mpu9150.o(.text)
    MPU6050_SetClockSource                   0x08009b29   Thumb Code    26  mpu9150.o(.text)
    MPU6050_SetFullScaleGyroRange            0x08009b43   Thumb Code    26  mpu9150.o(.text)
    MPU6050_GetFullScaleGyroRange            0x08009b5d   Thumb Code    24  mpu9150.o(.text)
    MPU6050_GetFullScaleAccelRange           0x08009b75   Thumb Code   108  mpu9150.o(.text)
    MPU6050_SetFullScaleAccelRange           0x08009be1   Thumb Code    26  mpu9150.o(.text)
    MPU6050_ReadBit                          0x08009bfb   Thumb Code    36  mpu9150.o(.text)
    MPU6050_GetSleepModeStatus               0x08009c1f   Thumb Code    28  mpu9150.o(.text)
    MPU6050_WriteBit                         0x08009c3b   Thumb Code    64  mpu9150.o(.text)
    MPU6050_SetSleepModeStatus               0x08009c7b   Thumb Code    24  mpu9150.o(.text)
    MPU6050_GetRawAccelGyro                  0x08009c93   Thumb Code    92  mpu9150.o(.text)
    get_Gyro_Z                               0x08009cef   Thumb Code    48  mpu9150.o(.text)
    get_Gyro_Z_Float                         0x08009d1f   Thumb Code    74  mpu9150.o(.text)
    get_Gyro_Z_Real                          0x08009d69   Thumb Code    30  mpu9150.o(.text)
    get_Accel_X_Real                         0x08009d87   Thumb Code    48  mpu9150.o(.text)
    get_Accel_Y_Real                         0x08009db7   Thumb Code    30  mpu9150.o(.text)
    get_Accel_Z_Real                         0x08009dd5   Thumb Code    30  mpu9150.o(.text)
    MPU6050_GetRawMag                        0x08009df3   Thumb Code     2  mpu9150.o(.text)
    Calibrate_Gyros                          0x08009df5   Thumb Code     2  mpu9150.o(.text)
    Calibrate_GyroZ                          0x08009df7   Thumb Code     2  mpu9150.o(.text)
    Reset_Handler                            0x08009e0d   Thumb Code     8  startup_stm32f10x_md.o(.text)
    NMI_Handler                              0x08009e15   Thumb Code     2  startup_stm32f10x_md.o(.text)
    HardFault_Handler                        0x08009e17   Thumb Code     2  startup_stm32f10x_md.o(.text)
    MemManage_Handler                        0x08009e19   Thumb Code     2  startup_stm32f10x_md.o(.text)
    BusFault_Handler                         0x08009e1b   Thumb Code     2  startup_stm32f10x_md.o(.text)
    UsageFault_Handler                       0x08009e1d   Thumb Code     2  startup_stm32f10x_md.o(.text)
    SVC_Handler                              0x08009e1f   Thumb Code     2  startup_stm32f10x_md.o(.text)
    DebugMon_Handler                         0x08009e21   Thumb Code     2  startup_stm32f10x_md.o(.text)
    PendSV_Handler                           0x08009e23   Thumb Code     2  startup_stm32f10x_md.o(.text)
    ADC1_2_IRQHandler                        0x08009e27   Thumb Code     0  startup_stm32f10x_md.o(.text)
    CAN1_RX1_IRQHandler                      0x08009e27   Thumb Code     0  startup_stm32f10x_md.o(.text)
    CAN1_SCE_IRQHandler                      0x08009e27   Thumb Code     0  startup_stm32f10x_md.o(.text)
    DMA1_Channel1_IRQHandler                 0x08009e27   Thumb Code     0  startup_stm32f10x_md.o(.text)
    DMA1_Channel2_IRQHandler                 0x08009e27   Thumb Code     0  startup_stm32f10x_md.o(.text)
    DMA1_Channel3_IRQHandler                 0x08009e27   Thumb Code     0  startup_stm32f10x_md.o(.text)
    DMA1_Channel4_IRQHandler                 0x08009e27   Thumb Code     0  startup_stm32f10x_md.o(.text)
    DMA1_Channel5_IRQHandler                 0x08009e27   Thumb Code     0  startup_stm32f10x_md.o(.text)
    DMA1_Channel6_IRQHandler                 0x08009e27   Thumb Code     0  startup_stm32f10x_md.o(.text)
    DMA1_Channel7_IRQHandler                 0x08009e27   Thumb Code     0  startup_stm32f10x_md.o(.text)
    EXTI0_IRQHandler                         0x08009e27   Thumb Code     0  startup_stm32f10x_md.o(.text)
    EXTI1_IRQHandler                         0x08009e27   Thumb Code     0  startup_stm32f10x_md.o(.text)
    EXTI2_IRQHandler                         0x08009e27   Thumb Code     0  startup_stm32f10x_md.o(.text)
    EXTI3_IRQHandler                         0x08009e27   Thumb Code     0  startup_stm32f10x_md.o(.text)
    EXTI4_IRQHandler                         0x08009e27   Thumb Code     0  startup_stm32f10x_md.o(.text)
    EXTI9_5_IRQHandler                       0x08009e27   Thumb Code     0  startup_stm32f10x_md.o(.text)
    FLASH_IRQHandler                         0x08009e27   Thumb Code     0  startup_stm32f10x_md.o(.text)
    I2C1_ER_IRQHandler                       0x08009e27   Thumb Code     0  startup_stm32f10x_md.o(.text)
    I2C1_EV_IRQHandler                       0x08009e27   Thumb Code     0  startup_stm32f10x_md.o(.text)
    I2C2_ER_IRQHandler                       0x08009e27   Thumb Code     0  startup_stm32f10x_md.o(.text)
    I2C2_EV_IRQHandler                       0x08009e27   Thumb Code     0  startup_stm32f10x_md.o(.text)
    PVD_IRQHandler                           0x08009e27   Thumb Code     0  startup_stm32f10x_md.o(.text)
    RCC_IRQHandler                           0x08009e27   Thumb Code     0  startup_stm32f10x_md.o(.text)
    RTCAlarm_IRQHandler                      0x08009e27   Thumb Code     0  startup_stm32f10x_md.o(.text)
    RTC_IRQHandler                           0x08009e27   Thumb Code     0  startup_stm32f10x_md.o(.text)
    SPI1_IRQHandler                          0x08009e27   Thumb Code     0  startup_stm32f10x_md.o(.text)
    SPI2_IRQHandler                          0x08009e27   Thumb Code     0  startup_stm32f10x_md.o(.text)
    TAMPER_IRQHandler                        0x08009e27   Thumb Code     0  startup_stm32f10x_md.o(.text)
    TIM1_BRK_IRQHandler                      0x08009e27   Thumb Code     0  startup_stm32f10x_md.o(.text)
    TIM1_CC_IRQHandler                       0x08009e27   Thumb Code     0  startup_stm32f10x_md.o(.text)
    TIM1_TRG_COM_IRQHandler                  0x08009e27   Thumb Code     0  startup_stm32f10x_md.o(.text)
    TIM1_UP_IRQHandler                       0x08009e27   Thumb Code     0  startup_stm32f10x_md.o(.text)
    TIM3_IRQHandler                          0x08009e27   Thumb Code     0  startup_stm32f10x_md.o(.text)
    TIM4_IRQHandler                          0x08009e27   Thumb Code     0  startup_stm32f10x_md.o(.text)
    USART3_IRQHandler                        0x08009e27   Thumb Code     0  startup_stm32f10x_md.o(.text)
    USBWakeUp_IRQHandler                     0x08009e27   Thumb Code     0  startup_stm32f10x_md.o(.text)
    USB_HP_CAN1_TX_IRQHandler                0x08009e27   Thumb Code     0  startup_stm32f10x_md.o(.text)
    USB_LP_CAN1_RX0_IRQHandler               0x08009e27   Thumb Code     0  startup_stm32f10x_md.o(.text)
    WWDG_IRQHandler                          0x08009e27   Thumb Code     0  startup_stm32f10x_md.o(.text)
    __user_initial_stackheap                 0x08009e29   Thumb Code     0  startup_stm32f10x_md.o(.text)
    SystemInit                               0x08009f2b   Thumb Code    76  system_stm32f10x.o(.text)
    SystemCoreClockUpdate                    0x08009f77   Thumb Code   142  system_stm32f10x.o(.text)
    __I$use$semihosting                      0x0800a035   Thumb Code     0  use_no_semi.o(.text)
    __use_no_semihosting_swi                 0x0800a035   Thumb Code     2  use_no_semi.o(.text)
    __2printf                                0x0800a039   Thumb Code    20  noretval__2printf.o(.text)
    __printf                                 0x0800a051   Thumb Code   104  __printf.o(.text)
    _printf_str                              0x0800a0b9   Thumb Code    82  _printf_str.o(.text)
    _printf_int_dec                          0x0800a10d   Thumb Code   104  _printf_dec.o(.text)
    __aeabi_memcpy4                          0x0800a185   Thumb Code     0  rt_memcpy_w.o(.text)
    __aeabi_memcpy8                          0x0800a185   Thumb Code     0  rt_memcpy_w.o(.text)
    __rt_memcpy_w                            0x0800a185   Thumb Code   100  rt_memcpy_w.o(.text)
    _memcpy_lastbytes_aligned                0x0800a1cd   Thumb Code     0  rt_memcpy_w.o(.text)
    __use_two_region_memory                  0x0800a1e9   Thumb Code     2  heapauxi.o(.text)
    __rt_heap_escrow$2region                 0x0800a1eb   Thumb Code     2  heapauxi.o(.text)
    __rt_heap_expand$2region                 0x0800a1ed   Thumb Code     2  heapauxi.o(.text)
    _printf_int_common                       0x0800a1ef   Thumb Code   178  _printf_intcommon.o(.text)
    _printf_cs_common                        0x0800a2a1   Thumb Code    20  _printf_char.o(.text)
    _printf_char                             0x0800a2b5   Thumb Code    16  _printf_char.o(.text)
    _printf_string                           0x0800a2c5   Thumb Code     8  _printf_char.o(.text)
    _printf_char_file                        0x0800a2cd   Thumb Code    32  _printf_char_file.o(.text)
    _printf_char_common                      0x0800a2fb   Thumb Code    32  _printf_char_common.o(.text)
    __user_setup_stackheap                   0x0800a321   Thumb Code    74  sys_stackheap_outer.o(.text)
    exit                                     0x0800a36b   Thumb Code    18  exit.o(.text)
    __user_libspace                          0x0800a37d   Thumb Code     8  libspace.o(.text)
    __user_perproc_libspace                  0x0800a37d   Thumb Code     0  libspace.o(.text)
    __user_perthread_libspace                0x0800a37d   Thumb Code     0  libspace.o(.text)
    __aeabi_d2f                              0x0800a385   Thumb Code     0  d2f.o(x$fpl$d2f)
    _d2f                                     0x0800a385   Thumb Code    98  d2f.o(x$fpl$d2f)
    __aeabi_dadd                             0x0800a3e9   Thumb Code     0  daddsub_clz.o(x$fpl$dadd)
    _dadd                                    0x0800a3e9   Thumb Code   332  daddsub_clz.o(x$fpl$dadd)
    __aeabi_ddiv                             0x0800a539   Thumb Code     0  ddiv.o(x$fpl$ddiv)
    _ddiv                                    0x0800a539   Thumb Code   552  ddiv.o(x$fpl$ddiv)
    __aeabi_d2iz                             0x0800a7e9   Thumb Code     0  dfix.o(x$fpl$dfix)
    _dfix                                    0x0800a7e9   Thumb Code    94  dfix.o(x$fpl$dfix)
    __aeabi_d2uiz                            0x0800a849   Thumb Code     0  dfixu.o(x$fpl$dfixu)
    _dfixu                                   0x0800a849   Thumb Code    90  dfixu.o(x$fpl$dfixu)
    __aeabi_i2d                              0x0800a8a3   Thumb Code     0  dflt_clz.o(x$fpl$dflt)
    _dflt                                    0x0800a8a3   Thumb Code    46  dflt_clz.o(x$fpl$dflt)
    __aeabi_dmul                             0x0800a8d1   Thumb Code     0  dmul.o(x$fpl$dmul)
    _dmul                                    0x0800a8d1   Thumb Code   332  dmul.o(x$fpl$dmul)
    __fpl_dnaninf                            0x0800aa25   Thumb Code   156  dnaninf.o(x$fpl$dnaninf)
    __fpl_dretinf                            0x0800aac1   Thumb Code    12  dretinf.o(x$fpl$dretinf)
    __aeabi_dsub                             0x0800aacd   Thumb Code     0  daddsub_clz.o(x$fpl$dsub)
    _dsub                                    0x0800aacd   Thumb Code   464  daddsub_clz.o(x$fpl$dsub)
    __aeabi_f2d                              0x0800aca1   Thumb Code     0  f2d.o(x$fpl$f2d)
    _f2d                                     0x0800aca1   Thumb Code    86  f2d.o(x$fpl$f2d)
    __aeabi_fadd                             0x0800acf9   Thumb Code     0  faddsub_clz.o(x$fpl$fadd)
    _fadd                                    0x0800acf9   Thumb Code   196  faddsub_clz.o(x$fpl$fadd)
    __fpl_fcmp_Inf                           0x0800adbd   Thumb Code    24  fcmpi.o(x$fpl$fcmpinf)
    __aeabi_fdiv                             0x0800add5   Thumb Code     0  fdiv.o(x$fpl$fdiv)
    _fdiv                                    0x0800add5   Thumb Code   384  fdiv.o(x$fpl$fdiv)
    __aeabi_f2iz                             0x0800af59   Thumb Code     0  ffix.o(x$fpl$ffix)
    _ffix                                    0x0800af59   Thumb Code    54  ffix.o(x$fpl$ffix)
    __aeabi_i2f                              0x0800af91   Thumb Code     0  fflt_clz.o(x$fpl$fflt)
    _fflt                                    0x0800af91   Thumb Code    48  fflt_clz.o(x$fpl$fflt)
    __aeabi_cfcmple                          0x0800afc1   Thumb Code     0  fleqf.o(x$fpl$fleqf)
    _fcmple                                  0x0800afc1   Thumb Code   104  fleqf.o(x$fpl$fleqf)
    __fpl_fcmple_InfNaN                      0x0800b013   Thumb Code     0  fleqf.o(x$fpl$fleqf)
    __aeabi_fmul                             0x0800b029   Thumb Code     0  fmul.o(x$fpl$fmul)
    _fmul                                    0x0800b029   Thumb Code   258  fmul.o(x$fpl$fmul)
    __fpl_fnaninf                            0x0800b12b   Thumb Code   140  fnaninf.o(x$fpl$fnaninf)
    __fpl_fretinf                            0x0800b1b7   Thumb Code    10  fretinf.o(x$fpl$fretinf)
    __aeabi_cfrcmple                         0x0800b1c1   Thumb Code     0  frleqf.o(x$fpl$frleqf)
    _frcmple                                 0x0800b1c1   Thumb Code    98  frleqf.o(x$fpl$frleqf)
    __aeabi_fsub                             0x0800b225   Thumb Code     0  faddsub_clz.o(x$fpl$fsub)
    _fsub                                    0x0800b225   Thumb Code   234  faddsub_clz.o(x$fpl$fsub)
    __I$use$fp                               0x0800b30e   Number         0  usenofp.o(x$fpl$usenofp)
    Region$$Table$$Base                      0x0800b38c   Number         0  anon$$obj.o(Region$$Table)
    Region$$Table$$Limit                     0x0800b3ac   Number         0  anon$$obj.o(Region$$Table)
    BatteryCheckTime                         0x20000000   Data           4  main.o(.data)
    delay_time                               0x20000004   Data           4  main.o(.data)
    button_time                              0x20000008   Data           4  main.o(.data)
    Game_Mode                                0x2000000c   Data           1  main.o(.data)
    Block_Game_Mode                          0x2000000d   Data           1  main.o(.data)
    Team_Color                               0x2000000e   Data           1  main.o(.data)
    __stdout                                 0x20000010   Data           4  main.o(.data)
    __stdin                                  0x20000014   Data           4  main.o(.data)
    PrescalerValue                           0x20000018   Data           2  mcusettings.o(.data)
    btreceivedata                            0x2000001c   Data           1  stm32f10x_it.o(.data)
    pdatacount                               0x20000020   Data           4  stm32f10x_it.o(.data)
    StartMelodyTone                          0x20000028   Data          16  melody.o(.data)
    StartMelodyTime                          0x20000038   Data          16  melody.o(.data)
    tone4                                    0x20000048   Data          16  melody.o(.data)
    time4                                    0x20000058   Data          20  melody.o(.data)
    tone5                                    0x2000006c   Data          16  melody.o(.data)
    time5                                    0x2000007c   Data          20  melody.o(.data)
    RotateMelodyTone                         0x20000090   Data          32  melody.o(.data)
    RotateMelodyTime                         0x200000b0   Data          32  melody.o(.data)
    tone7                                    0x200000d0   Data          32  melody.o(.data)
    time7                                    0x200000f0   Data          38  melody.o(.data)
    HooJinMelodyTone                         0x20000116   Data         160  melody.o(.data)
    HooJinMelodyTime                         0x200001b6   Data         160  melody.o(.data)
    tone9                                    0x20000256   Data          16  melody.o(.data)
    time9                                    0x20000266   Data          20  melody.o(.data)
    ParingMelodyTone                         0x2000027a   Data           8  melody.o(.data)
    ParingMelodyTime                         0x20000282   Data           8  melody.o(.data)
    SuccessMelodyTone                        0x2000028a   Data          16  melody.o(.data)
    SuccessMelodyTime                        0x2000029a   Data          16  melody.o(.data)
    BTConnectMelodyTone                      0x200002aa   Data           8  melody.o(.data)
    BTConnectMelodyTime                      0x200002b2   Data           8  melody.o(.data)
    BTDisconnectMelodyTone                   0x200002ba   Data           8  melody.o(.data)
    BTDisconnectMelodyTime                   0x200002c2   Data           8  melody.o(.data)
    BlockDetectMelodyTone                    0x200002ca   Data           4  melody.o(.data)
    BlockDetectMelodyTime                    0x200002ce   Data           4  melody.o(.data)
    BlockHoojinMelodyTone                    0x200002d2   Data           4  melody.o(.data)
    BlockHoojinMelodyTime                    0x200002d6   Data           4  melody.o(.data)
    BlockParallelMelodyTone                  0x200002da   Data           4  melody.o(.data)
    BlockParallelMelodyTime                  0x200002de   Data           4  melody.o(.data)
    MelodyOn                                 0x200002e2   Data           1  melody.o(.data)
    MELODY                                   0x200002e4   Data           4  melody.o(.data)
    MelodyTimer                              0x200002e8   Data           4  melody.o(.data)
    MelodyPointer                            0x200002ec   Data           4  melody.o(.data)
    MelodyToneArray                          0x200002f0   Data          60  melody.o(.data)
    MelodyTimeArray                          0x2000032c   Data          60  melody.o(.data)
    bAction                                  0x20000368   Data           1  button.o(.data)
    bltAction                                0x2000036c   Data           1  bluetooth.o(.data)
    BT_DataPointer                           0x20000370   Data           4  bluetooth.o(.data)
    BT_ConnectionIs                          0x20000374   Data           1  bluetooth.o(.data)
    LSPEED                                   0x20000378   Data           2  motor.o(.data)
    RSPEED                                   0x2000037a   Data           2  motor.o(.data)
    MOTORLEVEL                               0x2000037c   Data           2  motor.o(.data)
    gyrocontrolvalue                         0x2000037e   Data           2  motor.o(.data)
    gyroproportion                           0x20000380   Data           2  motor.o(.data)
    EraseCounter                             0x2000039c   Data           4  flash.o(.data)
    Address                                  0x200003a0   Data           4  flash.o(.data)
    NbrOfPage                                0x200003a4   Data           4  flash.o(.data)
    FLASHStatus                              0x200003a8   Data           1  flash.o(.data)
    MemoryProgramStatus                      0x200003a9   Data           1  flash.o(.data)
    gyroAction                               0x200003ac   Data           1  gyro.o(.data)
    gyro_time                                0x200003b0   Data           4  gyro.o(.data)
    ledtime                                  0x200003b8   Data           4  led.o(.data)
    togglekey                                0x200003bc   Data           1  led.o(.data)
    rgbkey                                   0x200003bd   Data           1  led.o(.data)
    rgbtime                                  0x200003be   Data           1  led.o(.data)
    rgbnum                                   0x200003bf   Data           1  led.o(.data)
    ledAction                                0x200003c0   Data           1  led.o(.data)
    hoojintime                               0x200003c4   Data           4  blockgame.o(.data)
    BGM                                      0x200003c8   Data           4  blockgame.o(.data)
    blockGameAction                          0x200003cc   Data           1  blockgame.o(.data)
    gametime                                 0x200003d0   Data           4  blockgame.o(.data)
    blockGameTime                            0x200003d4   Data           4  blockgame.o(.data)
    blockGameBlockCount                      0x200003d8   Data           4  blockgame.o(.data)
    Direction                                0x200003dc   Data           1  blockgame.o(.data)
    FirstSensorBuffer_F                      0x200003de   Data           2  blockgame.o(.data)
    FirstSensorBuffer_R                      0x200003e0   Data           2  blockgame.o(.data)
    SecondSensorBuffer_F                     0x200003e2   Data           2  blockgame.o(.data)
    SecondSensorBuffer_R                     0x200003e4   Data           2  blockgame.o(.data)
    Backtime                                 0x200003e6   Data           1  blockgame.o(.data)
    gyro_sum                                 0x200003e8   Data           4  blockgame.o(.data)
    funcBlockGame                            0x200003ec   Data          64  blockgame.o(.data)
    F_Sensor                                 0x20000434   Data           2  sensor.o(.data)
    GyroZOffset                              0x200004dc   Data           4  mpu9150.o(.data)
    GyroZOffsetSum                           0x200004e0   Data           4  mpu9150.o(.data)
    GyroOffset_X_Sum                         0x200004e4   Data           4  mpu9150.o(.data)
    GyroOffset_Y_Sum                         0x200004e8   Data           4  mpu9150.o(.data)
    GyroOffset_Z_Sum                         0x200004ec   Data           4  mpu9150.o(.data)
    I2CDirection                             0x200004f0   Data           4  mpu9150.o(.data)
    NumbOfBytes1                             0x200004f4   Data           4  mpu9150.o(.data)
    NumbOfBytes2                             0x200004f8   Data           4  mpu9150.o(.data)
    Address1                                 0x200004fc   Data           1  mpu9150.o(.data)
    SystemCoreClock                          0x20000500   Data           4  system_stm32f10x.o(.data)
    AHBPrescTable                            0x20000504   Data          16  system_stm32f10x.o(.data)
    ADCConvertedValue                        0x20000514   Data          14  mcusettings.o(.bss)
    TIM_TimeBaseStructure                    0x20000522   Data          10  mcusettings.o(.bss)
    TIM_OCInitStructure                      0x2000052c   Data          16  mcusettings.o(.bss)
    TIM_TimeBaseStructure3                   0x2000053c   Data          10  mcusettings.o(.bss)
    TIM_OCInitStructure3                     0x20000546   Data          16  mcusettings.o(.bss)
    TIM_TimeBaseStructure2                   0x20000556   Data          10  mcusettings.o(.bss)
    TIM_OCInitStructure2                     0x20000560   Data          16  mcusettings.o(.bss)
    m                                        0x20000570   Data          12  melody.o(.bss)
    btdata                                   0x2000057c   Data         510  bluetooth.o(.bss)
    mv                                       0x2000077a   Data          84  motor.o(.bss)
    afdata                                   0x200007d0   Data        1024  flash.o(.bss)
    GyroOffset                               0x20000bf0   Data          12  mpu9150.o(.bss)
    __libspace_start                         0x20000bfc   Data          96  libspace.o(.bss)
    __temporary_stack_top$libspace           0x20000c5c   Data           0  libspace.o(.bss)



==============================================================================

Memory Map of the image

  Image Entry point : 0x080032ed

  Load Region LR_IROM1 (Base: 0x08003200, Size: 0x000086c0, Max: 0x0001ce00, ABSOLUTE, COMPRESSED[0x0000836c])

    Execution Region ER_IROM1 (Base: 0x08003200, Size: 0x000081ac, Max: 0x0001ce00, ABSOLUTE)

    Base Addr    Size         Type   Attr      Idx    E Section Name        Object

    0x08003200   0x000000ec   Data   RO         1174    RESET               startup_stm32f10x_md.o
    0x080032ec   0x00000008   Code   RO         1250  * !!!main             c_w.l(__main.o)
    0x080032f4   0x00000034   Code   RO         1481    !!!scatter          c_w.l(__scatter.o)
    0x08003328   0x0000005a   Code   RO         1479    !!dczerorl2         c_w.l(__dczerorl2.o)
    0x08003382   0x00000002   PAD
    0x08003384   0x0000001c   Code   RO         1483    !!handler_zi        c_w.l(__scatter_zi.o)
    0x080033a0   0x00000000   Code   RO         1245    .ARM.Collect$$_printf_percent$$00000000  c_w.l(_printf_percent.o)
    0x080033a0   0x00000006   Code   RO         1244    .ARM.Collect$$_printf_percent$$00000009  c_w.l(_printf_d.o)
    0x080033a6   0x00000006   Code   RO         1243    .ARM.Collect$$_printf_percent$$00000014  c_w.l(_printf_s.o)
    0x080033ac   0x00000004   Code   RO         1315    .ARM.Collect$$_printf_percent$$00000017  c_w.l(_printf_percent_end.o)
    0x080033b0   0x00000002   Code   RO         1355    .ARM.Collect$$libinit$$00000000  c_w.l(libinit.o)
    0x080033b2   0x00000000   Code   RO         1362    .ARM.Collect$$libinit$$00000002  c_w.l(libinit2.o)
    0x080033b2   0x00000000   Code   RO         1364    .ARM.Collect$$libinit$$00000004  c_w.l(libinit2.o)
    0x080033b2   0x00000000   Code   RO         1367    .ARM.Collect$$libinit$$0000000A  c_w.l(libinit2.o)
    0x080033b2   0x00000000   Code   RO         1369    .ARM.Collect$$libinit$$0000000C  c_w.l(libinit2.o)
    0x080033b2   0x00000000   Code   RO         1371    .ARM.Collect$$libinit$$0000000E  c_w.l(libinit2.o)
    0x080033b2   0x00000000   Code   RO         1374    .ARM.Collect$$libinit$$00000011  c_w.l(libinit2.o)
    0x080033b2   0x00000000   Code   RO         1376    .ARM.Collect$$libinit$$00000013  c_w.l(libinit2.o)
    0x080033b2   0x00000000   Code   RO         1378    .ARM.Collect$$libinit$$00000015  c_w.l(libinit2.o)
    0x080033b2   0x00000000   Code   RO         1380    .ARM.Collect$$libinit$$00000017  c_w.l(libinit2.o)
    0x080033b2   0x00000000   Code   RO         1382    .ARM.Collect$$libinit$$00000019  c_w.l(libinit2.o)
    0x080033b2   0x00000000   Code   RO         1384    .ARM.Collect$$libinit$$0000001B  c_w.l(libinit2.o)
    0x080033b2   0x00000000   Code   RO         1386    .ARM.Collect$$libinit$$0000001D  c_w.l(libinit2.o)
    0x080033b2   0x00000000   Code   RO         1388    .ARM.Collect$$libinit$$0000001F  c_w.l(libinit2.o)
    0x080033b2   0x00000000   Code   RO         1390    .ARM.Collect$$libinit$$00000021  c_w.l(libinit2.o)
    0x080033b2   0x00000000   Code   RO         1392    .ARM.Collect$$libinit$$00000023  c_w.l(libinit2.o)
    0x080033b2   0x00000000   Code   RO         1394    .ARM.Collect$$libinit$$00000025  c_w.l(libinit2.o)
    0x080033b2   0x00000000   Code   RO         1398    .ARM.Collect$$libinit$$0000002C  c_w.l(libinit2.o)
    0x080033b2   0x00000000   Code   RO         1400    .ARM.Collect$$libinit$$0000002E  c_w.l(libinit2.o)
    0x080033b2   0x00000000   Code   RO         1402    .ARM.Collect$$libinit$$00000030  c_w.l(libinit2.o)
    0x080033b2   0x00000000   Code   RO         1404    .ARM.Collect$$libinit$$00000032  c_w.l(libinit2.o)
    0x080033b2   0x00000002   Code   RO         1405    .ARM.Collect$$libinit$$00000033  c_w.l(libinit2.o)
    0x080033b4   0x00000002   Code   RO         1423    .ARM.Collect$$libshutdown$$00000000  c_w.l(libshutdown.o)
    0x080033b6   0x00000000   Code   RO         1433    .ARM.Collect$$libshutdown$$00000002  c_w.l(libshutdown2.o)
    0x080033b6   0x00000000   Code   RO         1435    .ARM.Collect$$libshutdown$$00000004  c_w.l(libshutdown2.o)
    0x080033b6   0x00000000   Code   RO         1438    .ARM.Collect$$libshutdown$$00000007  c_w.l(libshutdown2.o)
    0x080033b6   0x00000000   Code   RO         1441    .ARM.Collect$$libshutdown$$0000000A  c_w.l(libshutdown2.o)
    0x080033b6   0x00000000   Code   RO         1443    .ARM.Collect$$libshutdown$$0000000C  c_w.l(libshutdown2.o)
    0x080033b6   0x00000000   Code   RO         1446    .ARM.Collect$$libshutdown$$0000000F  c_w.l(libshutdown2.o)
    0x080033b6   0x00000002   Code   RO         1447    .ARM.Collect$$libshutdown$$00000010  c_w.l(libshutdown2.o)
    0x080033b8   0x00000000   Code   RO         1308    .ARM.Collect$$rtentry$$00000000  c_w.l(__rtentry.o)
    0x080033b8   0x00000000   Code   RO         1328    .ARM.Collect$$rtentry$$00000002  c_w.l(__rtentry2.o)
    0x080033b8   0x00000006   Code   RO         1340    .ARM.Collect$$rtentry$$00000004  c_w.l(__rtentry4.o)
    0x080033be   0x00000000   Code   RO         1330    .ARM.Collect$$rtentry$$00000009  c_w.l(__rtentry2.o)
    0x080033be   0x00000004   Code   RO         1331    .ARM.Collect$$rtentry$$0000000A  c_w.l(__rtentry2.o)
    0x080033c2   0x00000000   Code   RO         1333    .ARM.Collect$$rtentry$$0000000C  c_w.l(__rtentry2.o)
    0x080033c2   0x00000008   Code   RO         1334    .ARM.Collect$$rtentry$$0000000D  c_w.l(__rtentry2.o)
    0x080033ca   0x00000002   Code   RO         1359    .ARM.Collect$$rtexit$$00000000  c_w.l(rtexit.o)
    0x080033cc   0x00000000   Code   RO         1407    .ARM.Collect$$rtexit$$00000002  c_w.l(rtexit2.o)
    0x080033cc   0x00000004   Code   RO         1408    .ARM.Collect$$rtexit$$00000003  c_w.l(rtexit2.o)
    0x080033d0   0x00000006   Code   RO         1409    .ARM.Collect$$rtexit$$00000004  c_w.l(rtexit2.o)
    0x080033d6   0x00000002   PAD
    0x080033d8   0x0000025c   Code   RO            4    .text               main.o
    0x08003634   0x00000720   Code   RO          186    .text               mcusettings.o
    0x08003d54   0x000002a4   Code   RO          253    .text               stm32f10x_it.o
    0x08003ff8   0x000001dc   Code   RO          281    .text               melody.o
    0x080041d4   0x00000110   Code   RO          315    .text               button.o
    0x080042e4   0x00000790   Code   RO          346    .text               bluetooth.o
    0x08004a74   0x00000830   Code   RO          378    .text               motor.o
    0x080052a4   0x00000214   Code   RO          410    .text               flash.o
    0x080054b8   0x000000d4   Code   RO          441    .text               gyro.o
    0x0800558c   0x000002d8   Code   RO          471    .text               led.o
    0x08005864   0x000009b4   Code   RO          501    .text               blockgame.o
    0x08006218   0x000003e0   Code   RO          532    .text               sensor.o
    0x080065f8   0x000000dc   Code   RO          562    .text               misc.o
    0x080066d4   0x0000044e   Code   RO          586    .text               stm32f10x_adc.o
    0x08006b22   0x00000002   PAD
    0x08006b24   0x000000c4   Code   RO          610    .text               stm32f10x_bkp.o
    0x08006be8   0x00000254   Code   RO          754    .text               stm32f10x_dma.o
    0x08006e3c   0x0000011c   Code   RO          778    .text               stm32f10x_exti.o
    0x08006f58   0x000005bc   Code   RO          802    .text               stm32f10x_flash.o
    0x08007514   0x0000035c   Code   RO          850    .text               stm32f10x_gpio.o
    0x08007870   0x00000404   Code   RO          874    .text               stm32f10x_i2c.o
    0x08007c74   0x000000cc   Code   RO          922    .text               stm32f10x_pwr.o
    0x08007d40   0x000003ac   Code   RO          946    .text               stm32f10x_rcc.o
    0x080080ec   0x00000e1a   Code   RO         1044    .text               stm32f10x_tim.o
    0x08008f06   0x00000002   PAD
    0x08008f08   0x00000408   Code   RO         1068    .text               stm32f10x_usart.o
    0x08009310   0x0000019c   Code   RO         1116    .text               miscellaneous.o
    0x080094ac   0x00000960   Code   RO         1145    .text               mpu9150.o
    0x08009e0c   0x00000040   Code   RO         1175    .text               startup_stm32f10x_md.o
    0x08009e4c   0x000001e8   Code   RO         1182    .text               system_stm32f10x.o
    0x0800a034   0x00000002   Code   RO         1211    .text               c_w.l(use_no_semi.o)
    0x0800a036   0x00000002   PAD
    0x0800a038   0x00000018   Code   RO         1215    .text               c_w.l(noretval__2printf.o)
    0x0800a050   0x00000068   Code   RO         1217    .text               c_w.l(__printf.o)
    0x0800a0b8   0x00000052   Code   RO         1219    .text               c_w.l(_printf_str.o)
    0x0800a10a   0x00000002   PAD
    0x0800a10c   0x00000078   Code   RO         1221    .text               c_w.l(_printf_dec.o)
    0x0800a184   0x00000064   Code   RO         1246    .text               c_w.l(rt_memcpy_w.o)
    0x0800a1e8   0x00000006   Code   RO         1248    .text               c_w.l(heapauxi.o)
    0x0800a1ee   0x000000b2   Code   RO         1309    .text               c_w.l(_printf_intcommon.o)
    0x0800a2a0   0x0000002c   Code   RO         1311    .text               c_w.l(_printf_char.o)
    0x0800a2cc   0x00000024   Code   RO         1313    .text               c_w.l(_printf_char_file.o)
    0x0800a2f0   0x00000030   Code   RO         1342    .text               c_w.l(_printf_char_common.o)
    0x0800a320   0x0000004a   Code   RO         1344    .text               c_w.l(sys_stackheap_outer.o)
    0x0800a36a   0x00000012   Code   RO         1348    .text               c_w.l(exit.o)
    0x0800a37c   0x00000008   Code   RO         1356    .text               c_w.l(libspace.o)
    0x0800a384   0x00000062   Code   RO         1252    x$fpl$d2f           fz_ws.l(d2f.o)
    0x0800a3e6   0x00000002   PAD
    0x0800a3e8   0x00000150   Code   RO         1254    x$fpl$dadd          fz_ws.l(daddsub_clz.o)
    0x0800a538   0x000002b0   Code   RO         1261    x$fpl$ddiv          fz_ws.l(ddiv.o)
    0x0800a7e8   0x0000005e   Code   RO         1264    x$fpl$dfix          fz_ws.l(dfix.o)
    0x0800a846   0x00000002   PAD
    0x0800a848   0x0000005a   Code   RO         1268    x$fpl$dfixu         fz_ws.l(dfixu.o)
    0x0800a8a2   0x0000002e   Code   RO         1273    x$fpl$dflt          fz_ws.l(dflt_clz.o)
    0x0800a8d0   0x00000154   Code   RO         1278    x$fpl$dmul          fz_ws.l(dmul.o)
    0x0800aa24   0x0000009c   Code   RO         1316    x$fpl$dnaninf       fz_ws.l(dnaninf.o)
    0x0800aac0   0x0000000c   Code   RO         1318    x$fpl$dretinf       fz_ws.l(dretinf.o)
    0x0800aacc   0x000001d4   Code   RO         1256    x$fpl$dsub          fz_ws.l(daddsub_clz.o)
    0x0800aca0   0x00000056   Code   RO         1280    x$fpl$f2d           fz_ws.l(f2d.o)
    0x0800acf6   0x00000002   PAD
    0x0800acf8   0x000000c4   Code   RO         1282    x$fpl$fadd          fz_ws.l(faddsub_clz.o)
    0x0800adbc   0x00000018   Code   RO         1320    x$fpl$fcmpinf       fz_ws.l(fcmpi.o)
    0x0800add4   0x00000184   Code   RO         1289    x$fpl$fdiv          fz_ws.l(fdiv.o)
    0x0800af58   0x00000036   Code   RO         1292    x$fpl$ffix          fz_ws.l(ffix.o)
    0x0800af8e   0x00000002   PAD
    0x0800af90   0x00000030   Code   RO         1297    x$fpl$fflt          fz_ws.l(fflt_clz.o)
    0x0800afc0   0x00000068   Code   RO         1302    x$fpl$fleqf         fz_ws.l(fleqf.o)
    0x0800b028   0x00000102   Code   RO         1304    x$fpl$fmul          fz_ws.l(fmul.o)
    0x0800b12a   0x0000008c   Code   RO         1322    x$fpl$fnaninf       fz_ws.l(fnaninf.o)
    0x0800b1b6   0x0000000a   Code   RO         1324    x$fpl$fretinf       fz_ws.l(fretinf.o)
    0x0800b1c0   0x00000062   Code   RO         1306    x$fpl$frleqf        fz_ws.l(frleqf.o)
    0x0800b222   0x00000002   PAD
    0x0800b224   0x000000ea   Code   RO         1284    x$fpl$fsub          fz_ws.l(faddsub_clz.o)
    0x0800b30e   0x00000000   Code   RO         1326    x$fpl$usenofp       fz_ws.l(usenofp.o)
    0x0800b30e   0x00000005   Data   RO            5    .constdata          main.o
    0x0800b313   0x0000000e   Data   RO          316    .constdata          button.o
    0x0800b321   0x00000012   Data   RO          348    .constdata          bluetooth.o
    0x0800b333   0x00000019   Data   RO          380    .constdata          motor.o
    0x0800b34c   0x0000002c   Data   RO          502    .constdata          blockgame.o
    0x0800b378   0x00000013   Data   RO         1147    .constdata          mpu9150.o
    0x0800b38b   0x00000001   PAD
    0x0800b38c   0x00000020   Data   RO         1477    Region$$Table       anon$$obj.o


    Execution Region RW_IRAM1 (Base: 0x20000000, Size: 0x00001260, Max: 0x00005000, ABSOLUTE, COMPRESSED[0x000001c0])

    Base Addr    Size         Type   Attr      Idx    E Section Name        Object

    0x20000000   0x00000018   Data   RW            6    .data               main.o
    0x20000018   0x00000002   Data   RW          188    .data               mcusettings.o
    0x2000001a   0x00000002   PAD
    0x2000001c   0x00000009   Data   RW          254    .data               stm32f10x_it.o
    0x20000025   0x00000003   PAD
    0x20000028   0x00000340   Data   RW          283    .data               melody.o
    0x20000368   0x00000002   Data   RW          317    .data               button.o
    0x2000036a   0x00000002   PAD
    0x2000036c   0x0000000a   Data   RW          349    .data               bluetooth.o
    0x20000376   0x00000002   PAD
    0x20000378   0x00000024   Data   RW          381    .data               motor.o
    0x2000039c   0x0000000e   Data   RW          412    .data               flash.o
    0x200003aa   0x00000002   PAD
    0x200003ac   0x0000000c   Data   RW          442    .data               gyro.o
    0x200003b8   0x00000009   Data   RW          472    .data               led.o
    0x200003c1   0x00000003   PAD
    0x200003c4   0x00000070   Data   RW          503    .data               blockgame.o
    0x20000434   0x00000092   Data   RW          533    .data               sensor.o
    0x200004c6   0x00000014   Data   RW          947    .data               stm32f10x_rcc.o
    0x200004da   0x00000002   PAD
    0x200004dc   0x00000021   Data   RW         1148    .data               mpu9150.o
    0x200004fd   0x00000003   PAD
    0x20000500   0x00000014   Data   RW         1183    .data               system_stm32f10x.o
    0x20000514   0x0000005c   Zero   RW          187    .bss                mcusettings.o
    0x20000570   0x0000000c   Zero   RW          282    .bss                melody.o
    0x2000057c   0x000001fe   Zero   RW          347    .bss                bluetooth.o
    0x2000077a   0x00000054   Zero   RW          379    .bss                motor.o
    0x200007ce   0x00000002   PAD
    0x200007d0   0x00000400   Zero   RW          411    .bss                flash.o
    0x20000bd0   0x00000020   Zero   RW         1117    .bss                miscellaneous.o
    0x20000bf0   0x0000000c   Zero   RW         1146    .bss                mpu9150.o
    0x20000bfc   0x00000060   Zero   RW         1357    .bss                c_w.l(libspace.o)
    0x20000c5c   0x00000004   PAD
    0x20000c60   0x00000200   Zero   RW         1173    HEAP                startup_stm32f10x_md.o
    0x20000e60   0x00000400   Zero   RW         1172    STACK               startup_stm32f10x_md.o


==============================================================================

Image component sizes


      Code (inc. data)   RO Data    RW Data    ZI Data      Debug   Object Name

      2484        286         44        112          0       5198   blockgame.o
      1936        402         18         10        510       4695   bluetooth.o
       272        110         14          2          0       1146   button.o
       532         38          0         14       1024       3651   flash.o
       212         38          0         12          0       1270   gyro.o
       728         50          0          9          0       1661   led.o
       604        230          5         24          0     324803   main.o
      1824        130          0          2         92       5559   mcusettings.o
       476        122          0        832         12       5399   melody.o
       220         22          0          0          0       1825   misc.o
       412         44          0          0         32       3008   miscellaneous.o
      2096        164         25         36         84       5135   motor.o
      2400        104         19         33         12       9640   mpu9150.o
       992         96          0        146          0       3573   sensor.o
        64         26        236          0       1536        812   startup_stm32f10x_md.o
      1102         26          0          0          0      11069   stm32f10x_adc.o
       196          8          0          0          0       3524   stm32f10x_bkp.o
       596          8          0          0          0       4390   stm32f10x_dma.o
       284         10          0          0          0       2283   stm32f10x_exti.o
      1468         34          0          0          0       8230   stm32f10x_flash.o
       860         38          0          0          0       5753   stm32f10x_gpio.o
      1028         16          0          0          0       9251   stm32f10x_i2c.o
       676         84          0          9          0       1502   stm32f10x_it.o
       204         14          0          0          0       1959   stm32f10x_pwr.o
       940         44          0         20          0       8932   stm32f10x_rcc.o
      3610         88          0          0          0      22868   stm32f10x_tim.o
      1032         22          0          0          0       8484   stm32f10x_usart.o
       488         48          0         20          0       1839   system_stm32f10x.o

    ----------------------------------------------------------------------
     27740       2302        394       1300       3304     467459   Object Totals
         0          0         32          0          0          0   (incl. Generated)
         4          0          1         19          2          0   (incl. Padding)

    ----------------------------------------------------------------------

      Code (inc. data)   RO Data    RW Data    ZI Data      Debug   Library Member Name

        90          0          0          0          0          0   __dczerorl2.o
         8          0          0          0          0         68   __main.o
       104          0          0          0          0         84   __printf.o
         0          0          0          0          0          0   __rtentry.o
        12          0          0          0          0          0   __rtentry2.o
         6          0          0          0          0          0   __rtentry4.o
        52          8          0          0          0          0   __scatter.o
        28          0          0          0          0          0   __scatter_zi.o
        44          0          0          0          0        108   _printf_char.o
        48          6          0          0          0         96   _printf_char_common.o
        36          4          0          0          0         80   _printf_char_file.o
         6          0          0          0          0          0   _printf_d.o
       120         16          0          0          0         92   _printf_dec.o
       178          0          0          0          0         88   _printf_intcommon.o
         0          0          0          0          0          0   _printf_percent.o
         4          0          0          0          0          0   _printf_percent_end.o
         6          0          0          0          0          0   _printf_s.o
        82          0          0          0          0         80   _printf_str.o
        18          0          0          0          0         80   exit.o
         6          0          0          0          0        152   heapauxi.o
         2          0          0          0          0          0   libinit.o
         2          0          0          0          0          0   libinit2.o
         2          0          0          0          0          0   libshutdown.o
         2          0          0          0          0          0   libshutdown2.o
         8          4          0          0         96         68   libspace.o
        24          4          0          0          0         84   noretval__2printf.o
       100          0          0          0          0         80   rt_memcpy_w.o
         2          0          0          0          0          0   rtexit.o
        10          0          0          0          0          0   rtexit2.o
        74          0          0          0          0         80   sys_stackheap_outer.o
         2          0          0          0          0         68   use_no_semi.o
        98          4          0          0          0         92   d2f.o
       804         16          0          0          0        272   daddsub_clz.o
       688        140          0          0          0        208   ddiv.o
        94          4          0          0          0         92   dfix.o
        90          4          0          0          0         92   dfixu.o
        46          0          0          0          0         68   dflt_clz.o
       340         12          0          0          0        104   dmul.o
       156          4          0          0          0         92   dnaninf.o
        12          0          0          0          0         68   dretinf.o
        86          4          0          0          0         84   f2d.o
       430          8          0          0          0        168   faddsub_clz.o
        24          0          0          0          0         68   fcmpi.o
       388         76          0          0          0         96   fdiv.o
        54          4          0          0          0         84   ffix.o
        48          0          0          0          0         68   fflt_clz.o
       104          4          0          0          0         84   fleqf.o
       258          4          0          0          0         84   fmul.o
       140          4          0          0          0         84   fnaninf.o
        10          0          0          0          0         68   fretinf.o
        98          0          0          0          0         68   frleqf.o
         0          0          0          0          0          0   usenofp.o

    ----------------------------------------------------------------------
      5062        330          0          0        100       3352   Library Totals
        18          0          0          0          4          0   (incl. Padding)

    ----------------------------------------------------------------------

      Code (inc. data)   RO Data    RW Data    ZI Data      Debug   Library Name

      1076         42          0          0         96       1308   c_w.l
      3968        288          0          0          0       2044   fz_ws.l

    ----------------------------------------------------------------------
      5062        330          0          0        100       3352   Library Totals

    ----------------------------------------------------------------------

==============================================================================


      Code (inc. data)   RO Data    RW Data    ZI Data      Debug   

     32802       2632        394       1300       3404     465919   Grand Totals
     32802       2632        394        448       3404     465919   ELF Image Totals (compressed)
     32802       2632        394        448          0          0   ROM Totals

==============================================================================

    Total RO  Size (Code + RO Data)                33196 (  32.42kB)
    Total RW  Size (RW Data + ZI Data)              4704 (   4.59kB)
    Total ROM Size (Code + RO Data + RW Data)      33644 (  32.86kB)

==============================================================================

